Archive member included to satisfy reference by file (symbol)

c:/program files (x86)/atollic/truestudio for stm32 9.3.0/armtools/bin/../lib/gcc/arm-atollic-eabi/6.3.1/../../../../arm-atollic-eabi/lib/armv7-m\libc.a(lib_a-errno.o)
                              Core\Src\syscalls.o (__errno)
c:/program files (x86)/atollic/truestudio for stm32 9.3.0/armtools/bin/../lib/gcc/arm-atollic-eabi/6.3.1/../../../../arm-atollic-eabi/lib/armv7-m\libc.a(lib_a-impure.o)
                              c:/program files (x86)/atollic/truestudio for stm32 9.3.0/armtools/bin/../lib/gcc/arm-atollic-eabi/6.3.1/../../../../arm-atollic-eabi/lib/armv7-m\libc.a(lib_a-errno.o) (_impure_ptr)
c:/program files (x86)/atollic/truestudio for stm32 9.3.0/armtools/bin/../lib/gcc/arm-atollic-eabi/6.3.1/../../../../arm-atollic-eabi/lib/armv7-m\libc.a(lib_a-init.o)
                              startup\startup_stm32f103xb.o (__libc_init_array)
c:/program files (x86)/atollic/truestudio for stm32 9.3.0/armtools/bin/../lib/gcc/arm-atollic-eabi/6.3.1/../../../../arm-atollic-eabi/lib/armv7-m\libc.a(lib_a-memset.o)
                              Core\Src\main.o (memset)
c:/program files (x86)/atollic/truestudio for stm32 9.3.0/armtools/bin/../lib/gcc/arm-atollic-eabi/6.3.1/../../../../arm-atollic-eabi/lib/armv7-m\libc.a(lib_a-sprintf.o)
                              Core\Src\main.o (sprintf)
c:/program files (x86)/atollic/truestudio for stm32 9.3.0/armtools/bin/../lib/gcc/arm-atollic-eabi/6.3.1/../../../../arm-atollic-eabi/lib/armv7-m\libc.a(lib_a-svfprintf.o)
                              c:/program files (x86)/atollic/truestudio for stm32 9.3.0/armtools/bin/../lib/gcc/arm-atollic-eabi/6.3.1/../../../../arm-atollic-eabi/lib/armv7-m\libc.a(lib_a-sprintf.o) (_svfprintf_r)
c:/program files (x86)/atollic/truestudio for stm32 9.3.0/armtools/bin/../lib/gcc/arm-atollic-eabi/6.3.1/../../../../arm-atollic-eabi/lib/armv7-m\libc.a(lib_a-dtoa.o)
                              c:/program files (x86)/atollic/truestudio for stm32 9.3.0/armtools/bin/../lib/gcc/arm-atollic-eabi/6.3.1/../../../../arm-atollic-eabi/lib/armv7-m\libc.a(lib_a-svfprintf.o) (_dtoa_r)
c:/program files (x86)/atollic/truestudio for stm32 9.3.0/armtools/bin/../lib/gcc/arm-atollic-eabi/6.3.1/../../../../arm-atollic-eabi/lib/armv7-m\libc.a(lib_a-localeconv.o)
                              c:/program files (x86)/atollic/truestudio for stm32 9.3.0/armtools/bin/../lib/gcc/arm-atollic-eabi/6.3.1/../../../../arm-atollic-eabi/lib/armv7-m\libc.a(lib_a-svfprintf.o) (_localeconv_r)
c:/program files (x86)/atollic/truestudio for stm32 9.3.0/armtools/bin/../lib/gcc/arm-atollic-eabi/6.3.1/../../../../arm-atollic-eabi/lib/armv7-m\libc.a(lib_a-malloc.o)
                              c:/program files (x86)/atollic/truestudio for stm32 9.3.0/armtools/bin/../lib/gcc/arm-atollic-eabi/6.3.1/../../../../arm-atollic-eabi/lib/armv7-m\libc.a(lib_a-dtoa.o) (malloc)
c:/program files (x86)/atollic/truestudio for stm32 9.3.0/armtools/bin/../lib/gcc/arm-atollic-eabi/6.3.1/../../../../arm-atollic-eabi/lib/armv7-m\libc.a(lib_a-mallocr.o)
                              c:/program files (x86)/atollic/truestudio for stm32 9.3.0/armtools/bin/../lib/gcc/arm-atollic-eabi/6.3.1/../../../../arm-atollic-eabi/lib/armv7-m\libc.a(lib_a-svfprintf.o) (_malloc_r)
c:/program files (x86)/atollic/truestudio for stm32 9.3.0/armtools/bin/../lib/gcc/arm-atollic-eabi/6.3.1/../../../../arm-atollic-eabi/lib/armv7-m\libc.a(lib_a-memchr-stub.o)
                              c:/program files (x86)/atollic/truestudio for stm32 9.3.0/armtools/bin/../lib/gcc/arm-atollic-eabi/6.3.1/../../../../arm-atollic-eabi/lib/armv7-m\libc.a(lib_a-svfprintf.o) (memchr)
c:/program files (x86)/atollic/truestudio for stm32 9.3.0/armtools/bin/../lib/gcc/arm-atollic-eabi/6.3.1/../../../../arm-atollic-eabi/lib/armv7-m\libc.a(lib_a-memcpy-stub.o)
                              c:/program files (x86)/atollic/truestudio for stm32 9.3.0/armtools/bin/../lib/gcc/arm-atollic-eabi/6.3.1/../../../../arm-atollic-eabi/lib/armv7-m\libc.a(lib_a-dtoa.o) (memcpy)
c:/program files (x86)/atollic/truestudio for stm32 9.3.0/armtools/bin/../lib/gcc/arm-atollic-eabi/6.3.1/../../../../arm-atollic-eabi/lib/armv7-m\libc.a(lib_a-mlock.o)
                              c:/program files (x86)/atollic/truestudio for stm32 9.3.0/armtools/bin/../lib/gcc/arm-atollic-eabi/6.3.1/../../../../arm-atollic-eabi/lib/armv7-m\libc.a(lib_a-mallocr.o) (__malloc_lock)
c:/program files (x86)/atollic/truestudio for stm32 9.3.0/armtools/bin/../lib/gcc/arm-atollic-eabi/6.3.1/../../../../arm-atollic-eabi/lib/armv7-m\libc.a(lib_a-mprec.o)
                              c:/program files (x86)/atollic/truestudio for stm32 9.3.0/armtools/bin/../lib/gcc/arm-atollic-eabi/6.3.1/../../../../arm-atollic-eabi/lib/armv7-m\libc.a(lib_a-dtoa.o) (_Balloc)
c:/program files (x86)/atollic/truestudio for stm32 9.3.0/armtools/bin/../lib/gcc/arm-atollic-eabi/6.3.1/../../../../arm-atollic-eabi/lib/armv7-m\libc.a(lib_a-sbrkr.o)
[...]
Memory Configuration

Name             Origin             Length             Attributes
RAM              0x20000000         0x00005000         xrw
FLASH            0x08000000         0x00010000         xr
*default*        0x00000000         0xffffffff

Linker script and memory map

LOAD c:/program files (x86)/atollic/truestudio for stm32 9.3.0/armtools/bin/../lib/gcc/arm-atollic-eabi/6.3.1/armv7-m/crti.o
LOAD c:/program files (x86)/atollic/truestudio for stm32 9.3.0/armtools/bin/../lib/gcc/arm-atollic-eabi/6.3.1/armv7-m/crtbegin.o
LOAD Core\Src\PID_lib.o
LOAD Core\Src\i2c-lcd.o
LOAD Core\Src\main.o
LOAD Core\Src\stm32f1xx_hal_msp.o
LOAD Core\Src\stm32f1xx_it.o
LOAD Core\Src\syscalls.o
LOAD Core\Src\system_stm32f1xx.o
LOAD Drivers\STM32F1xx_HAL_Driver\Src\stm32f1xx_hal.o
LOAD Drivers\STM32F1xx_HAL_Driver\Src\stm32f1xx_hal_adc.o
LOAD Drivers\STM32F1xx_HAL_Driver\Src\stm32f1xx_hal_adc_ex.o
LOAD Drivers\STM32F1xx_HAL_Driver\Src\stm32f1xx_hal_cortex.o
LOAD Drivers\STM32F1xx_HAL_Driver\Src\stm32f1xx_hal_dma.o
LOAD Drivers\STM32F1xx_HAL_Driver\Src\stm32f1xx_hal_exti.o
LOAD Drivers\STM32F1xx_HAL_Driver\Src\stm32f1xx_hal_flash.o
LOAD Drivers\STM32F1xx_HAL_Driver\Src\stm32f1xx_hal_flash_ex.o
LOAD Drivers\STM32F1xx_HAL_Driver\Src\stm32f1xx_hal_gpio.o
LOAD Drivers\STM32F1xx_HAL_Driver\Src\stm32f1xx_hal_gpio_ex.o
LOAD Drivers\STM32F1xx_HAL_Driver\Src\stm32f1xx_hal_i2c.o
LOAD Drivers\STM32F1xx_HAL_Driver\Src\stm32f1xx_hal_pwr.o
LOAD Drivers\STM32F1xx_HAL_Driver\Src\stm32f1xx_hal_rcc.o
LOAD Drivers\STM32F1xx_HAL_Driver\Src\stm32f1xx_hal_rcc_ex.o
LOAD Drivers\STM32F1xx_HAL_Driver\Src\stm32f1xx_hal_tim.o
LOAD Drivers\STM32F1xx_HAL_Driver\Src\stm32f1xx_hal_tim_ex.o
LOAD startup\startup_stm32f103xb.o
                0x00000080                malloc_getpagesize_P = 0x80
START GROUP
LOAD c:/program files (x86)/atollic/truestudio for stm32 9.3.0/armtools/bin/../lib/gcc/arm-atollic-eabi/6.3.1/../../../../arm-atollic-eabi/lib/armv7-m\libc.a
LOAD c:/program files (x86)/atollic/truestudio for stm32 9.3.0/armtools/bin/../lib/gcc/arm-atollic-eabi/6.3.1/../../../../arm-atollic-eabi/lib/armv7-m\libm.a
END GROUP
START GROUP
LOAD c:/program files (x86)/atollic/truestudio for stm32 9.3.0/armtools/bin/../lib/gcc/arm-atollic-eabi/6.3.1/armv7-m\libgcc.a
LOAD c:/program files (x86)/atollic/truestudio for stm32 9.3.0/armtools/bin/../lib/gcc/arm-atollic-eabi/6.3.1/../../../../arm-atollic-eabi/lib/armv7-m\libc.a
END GROUP
START GROUP
LOAD c:/program files (x86)/atollic/truestudio for stm32 9.3.0/armtools/bin/../lib/gcc/arm-atollic-eabi/6.3.1/armv7-m\libgcc.a
LOAD c:/program files (x86)/atollic/truestudio for stm32 9.3.0/armtools/bin/../lib/gcc/arm-atollic-eabi/6.3.1/../../../../arm-atollic-eabi/lib/armv7-m\libc.a
LOAD c:/program files (x86)/atollic/truestudio for stm32 9.3.0/armtools/bin/../lib/gcc/arm-atollic-eabi/6.3.1/../../../../arm-atollic-eabi/lib/armv7-m\libnosys.a
END GROUP
LOAD c:/program files (x86)/atollic/truestudio for stm32 9.3.0/armtools/bin/../lib/gcc/arm-atollic-eabi/6.3.1/armv7-m/crtend.o
LOAD c:/program files (x86)/atollic/truestudio for stm32 9.3.0/armtools/bin/../lib/gcc/arm-atollic-eabi/6.3.1/armv7-m/crtn.o
                0x20005000                _estack = 0x20005000
                0x00000200                _Min_Heap_Size = 0x200
                0x00000400                _Min_Stack_Size = 0x400

.isr_vector     0x08000000      0x10c
                0x08000000                . = ALIGN (0x4)
 *(.isr_vector)
 .isr_vector    0x08000000      0x10c startup\startup_stm32f103xb.o
                0x08000000                g_pfnVectors
                0x0800010c                . = ALIGN (0x4)

.text           0x08000110     0x7dcc
                0x08000110                . = ALIGN (0x4)
 *(.text)
 .text          0x08000110       0x40 c:/program files (x86)/atollic/truestudio for stm32 9.3.0/armtools/bin/../lib/gcc/arm-atollic-eabi/6.3.1/armv7-m/crtbegin.o
 .text          0x08000150       0x10 c:/program files (x86)/atollic/truestudio for stm32 9.3.0/armtools/bin/../lib/gcc/arm-atollic-eabi/6.3.1/../../../../arm-atollic-eabi/lib/armv7-m\libc.a(lib_a-strlen.o)
                0x08000150                strlen
 .text          0x08000160      0x370 c:/program files (x86)/atollic/truestudio for stm32 9.3.0/armtools/bin/../lib/gcc/arm-atollic-eabi/6.3.1/armv7-m\libgcc.a(_arm_addsubdf3.o)
                0x08000160                __aeabi_drsub
                0x08000168                __aeabi_dsub
                0x08000168                __subdf3
                0x0800016c                __aeabi_dadd
                0x0800016c                __adddf3
                0x080003e4                __floatunsidf
                0x080003e4                __aeabi_ui2d
                0x08000404                __floatsidf
                0x08000404                __aeabi_i2d
                0x08000428                __aeabi_f2d
                0x08000428                __extendsfdf2
                0x08000464                __floatundidf
                0x08000464                __aeabi_ul2d
                0x08000474                __floatdidf
                0x08000474                __aeabi_l2d
 .text          0x080004d0      0x424 c:/program files (x86)/atollic/truestudio for stm32 9.3.0/armtools/bin/../lib/gcc/arm-atollic-eabi/6.3.1/armv7-m\libgcc.a(_arm_muldivdf3.o)
                0x080004d0                __aeabi_dmul
                0x080004d0                __muldf3
                0x08000724                __divdf3
                0x08000724                __aeabi_ddiv
 .text          0x080008f4      0x110 c:/program files (x86)/atollic/truestudio for stm32 9.3.0/armtools/bin/../lib/gcc/arm-atollic-eabi/6.3.1/armv7-m\libgcc.a(_arm_cmpdf2.o)
                0x080008f4                __gtdf2
                0x080008f4                __gedf2
                0x080008fc                __ltdf2
                0x080008fc                __ledf2
                0x08000904                __nedf2
                0x08000904                __eqdf2
                0x08000904                __cmpdf2
                0x08000980                __aeabi_cdrcmple
                0x08000990                __aeabi_cdcmpeq
                0x08000990                __aeabi_cdcmple
                0x080009a0                __aeabi_dcmpeq
                0x080009b4                __aeabi_dcmplt
                0x080009c8                __aeabi_dcmple
                0x080009dc                __aeabi_dcmpge
                0x080009f0                __aeabi_dcmpgt
 .text          0x08000a04       0x2c c:/program files (x86)/atollic/truestudio for stm32 9.3.0/armtools/bin/../lib/gcc/arm-atollic-eabi/6.3.1/armv7-m\libgcc.a(_arm_unorddf2.o)
                0x08000a04                __unorddf2
                0x08000a04                __aeabi_dcmpun
 .text          0x08000a30       0x50 c:/program files (x86)/atollic/truestudio for stm32 9.3.0/armtools/bin/../lib/gcc/arm-atollic-eabi/6.3.1/armv7-m\libgcc.a(_arm_fixdfsi.o)
                0x08000a30                __aeabi_d2iz
                0x08000a30                __fixdfsi
 .text          0x08000a80       0x40 c:/program files (x86)/atollic/truestudio for stm32 9.3.0/armtools/bin/../lib/gcc/arm-atollic-eabi/6.3.1/armv7-m\libgcc.a(_arm_fixunsdfsi.o)
                0x08000a80                __aeabi_d2uiz
                0x08000a80                __fixunsdfsi
 .text          0x08000ac0      0x21c c:/program files (x86)/atollic/truestudio for stm32 9.3.0/armtools/bin/../lib/gcc/arm-atollic-eabi/6.3.1/armv7-m\libgcc.a(_arm_addsubsf3.o)
                0x08000ac0                __aeabi_frsub
                0x08000ac8                __subsf3
                0x08000ac8                __aeabi_fsub
                0x08000acc                __aeabi_fadd
                0x08000acc                __addsf3
                0x08000c2c                __aeabi_ui2f
                0x08000c2c                __floatunsisf
                0x08000c34                __aeabi_i2f
                0x08000c34                __floatsisf
                0x08000c50                __aeabi_ul2f
                0x08000c50                __floatundisf
                0x08000c60                __aeabi_l2f
                0x08000c60                __floatdisf
 .text          0x08000cdc      0x2a0 c:/program files (x86)/atollic/truestudio for stm32 9.3.0/armtools/bin/../lib/gcc/arm-atollic-eabi/6.3.1/armv7-m\libgcc.a(_arm_muldivsf3.o)
                0x08000cdc                __mulsf3
                0x08000cdc                __aeabi_fmul
                0x08000e44                __aeabi_fdiv
                0x08000e44                __divsf3
 .text          0x08000f7c       0x30 c:/program files (x86)/atollic/truestudio for stm32 9.3.0/armtools/bin/../lib/gcc/arm-atollic-eabi/6.3.1/armv7-m\libgcc.a(_aeabi_uldivmod.o)
                0x08000f7c                __aeabi_uldivmod
 .text          0x08000fac      0x2dc c:/program files (x86)/atollic/truestudio for stm32 9.3.0/armtools/bin/../lib/gcc/arm-atollic-eabi/6.3.1/armv7-m\libgcc.a(_udivmoddi4.o)
                0x08000fac                __udivmoddi4
 .text          0x08001288        0x4 c:/program files (x86)/atollic/truestudio for stm32 9.3.0/armtools/bin/../lib/gcc/arm-atollic-eabi/6.3.1/armv7-m\libgcc.a(_dvmd_tls.o)
                0x08001288                __aeabi_idiv0
                0x08001288                __aeabi_ldiv0
 *(.text*)
 .text.PID_init
                0x0800128c       0x54 Core\Src\PID_lib.o
                0x0800128c                PID_init
 .text.PID_set_gain
                0x080012e0       0x50 Core\Src\PID_lib.o
                0x080012e0                PID_set_gain
 .text.PID_set_clamp
                0x08001330       0x50 Core\Src\PID_lib.o
                0x08001330                PID_set_clamp
 .text.PID_compute
                0x08001380      0x1bc Core\Src\PID_lib.o
                0x08001380                PID_compute
 .text.lcd_send_cmd
                0x0800153c       0x60 Core\Src\i2c-lcd.o
                0x0800153c                lcd_send_cmd
 .text.lcd_send_data
                0x0800159c       0x60 Core\Src\i2c-lcd.o
                0x0800159c                lcd_send_data
 .text.lcd_init
                0x080015fc       0x5c Core\Src\i2c-lcd.o
                0x080015fc                lcd_init
 .text.lcd_send_string
                0x08001658       0x28 Core\Src\i2c-lcd.o
                0x08001658                lcd_send_string
 .text.lcd_goto_XY
                0x08001680       0x58 Core\Src\i2c-lcd.o
                0x08001680                lcd_goto_XY
 .text.get_user_temp
                0x080016d8       0xc0 Core\Src\main.o
                0x080016d8                get_user_temp
 .text.get_heater_temp
                0x08001798      0x12c Core\Src\main.o
                0x08001798                get_heater_temp
 *fill*         0x080018c4        0x4 
 .text.semi_auto_config_PID
                0x080018c8       0xb8 Core\Src\main.o
                0x080018c8                semi_auto_config_PID
 .text.set_PWM  0x08001980       0x20 Core\Src\main.o
                0x08001980                set_PWM
 .text.main     0x080019a0      0x1d4 Core\Src\main.o
                0x080019a0                main
 .text.SystemClock_Config
                0x08001b74       0xa0 Core\Src\main.o
                0x08001b74                SystemClock_Config
 .text.MX_ADC1_Init
                0x08001c14       0x7c Core\Src\main.o
 .text.MX_ADC2_Init
                0x08001c90       0x7c Core\Src\main.o
 .text.MX_I2C1_Init
                0x08001d0c       0x5c Core\Src\main.o
 .text.MX_TIM2_Init
                0x08001d68       0xe8 Core\Src\main.o
 .text.MX_GPIO_Init
                0x08001e50       0xb0 Core\Src\main.o
 .text.Error_Handler
                0x08001f00        0x8 Core\Src\main.o
                0x08001f00                Error_Handler
 .text.HAL_MspInit
                0x08001f08       0x64 Core\Src\stm32f1xx_hal_msp.o
                0x08001f08                HAL_MspInit
 .text.HAL_ADC_MspInit
                0x08001f6c       0xcc Core\Src\stm32f1xx_hal_msp.o
                0x08001f6c                HAL_ADC_MspInit
 .text.HAL_I2C_MspInit
                0x08002038       0x7c Core\Src\stm32f1xx_hal_msp.o
                0x08002038                HAL_I2C_MspInit
 .text.HAL_TIM_Base_MspInit
                0x080020b4       0x38 Core\Src\stm32f1xx_hal_msp.o
                0x080020b4                HAL_TIM_Base_MspInit
 .text.HAL_TIM_MspPostInit
                0x080020ec       0x60 Core\Src\stm32f1xx_hal_msp.o
                0x080020ec                HAL_TIM_MspPostInit
 .text.NMI_Handler
                0x0800214c        0x6 Core\Src\stm32f1xx_it.o
                0x0800214c                NMI_Handler
 .text.HardFault_Handler
                0x08002152        0x6 Core\Src\stm32f1xx_it.o
                0x08002152                HardFault_Handler
 .text.MemManage_Handler
                0x08002158        0x6 Core\Src\stm32f1xx_it.o
                0x08002158                MemManage_Handler
 .text.BusFault_Handler
                0x0800215e        0x6 Core\Src\stm32f1xx_it.o
                0x0800215e                BusFault_Handler
 .text.UsageFault_Handler
                0x08002164        0x6 Core\Src\stm32f1xx_it.o
                0x08002164                UsageFault_Handler
 .text.SVC_Handler
                0x0800216a        0xc Core\Src\stm32f1xx_it.o
                0x0800216a                SVC_Handler
 .text.DebugMon_Handler
                0x08002176        0xc Core\Src\stm32f1xx_it.o
                0x08002176                DebugMon_Handler
 .text.PendSV_Handler
                0x08002182        0xc Core\Src\stm32f1xx_it.o
                0x08002182                PendSV_Handler
 .text.SysTick_Handler
                0x0800218e        0xc Core\Src\stm32f1xx_it.o
                0x0800218e                SysTick_Handler
 *fill*         0x0800219a        0x2 
 .text._sbrk    0x0800219c       0x58 Core\Src\syscalls.o
                0x0800219c                _sbrk
 .text.SystemInit
                0x080021f4        0xc Core\Src\system_stm32f1xx.o
                0x080021f4                SystemInit
 .text.HAL_Init
                0x08002200       0x2c Drivers\STM32F1xx_HAL_Driver\Src\stm32f1xx_hal.o
                0x08002200                HAL_Init
 .text.HAL_InitTick
                0x0800222c       0x60 Drivers\STM32F1xx_HAL_Driver\Src\stm32f1xx_hal.o
                0x0800222c                HAL_InitTick
 .text.HAL_IncTick
                0x0800228c       0x24 Drivers\STM32F1xx_HAL_Driver\Src\stm32f1xx_hal.o
                0x0800228c                HAL_IncTick
 .text.HAL_GetTick
                0x080022b0       0x14 Drivers\STM32F1xx_HAL_Driver\Src\stm32f1xx_hal.o
                0x080022b0                HAL_GetTick
 .text.HAL_Delay
                0x080022c4       0x44 Drivers\STM32F1xx_HAL_Driver\Src\stm32f1xx_hal.o
                0x080022c4                HAL_Delay
 .text.HAL_ADC_Init
                0x08002308      0x1b0 Drivers\STM32F1xx_HAL_Driver\Src\stm32f1xx_hal_adc.o
                0x08002308                HAL_ADC_Init
 .text.HAL_ADC_Start
                0x080024b8      0x15c Drivers\STM32F1xx_HAL_Driver\Src\stm32f1xx_hal_adc.o
                0x080024b8                HAL_ADC_Start
 .text.HAL_ADC_PollForConversion
                0x08002614      0x1f4 Drivers\STM32F1xx_HAL_Driver\Src\stm32f1xx_hal_adc.o
                0x08002614                HAL_ADC_PollForConversion
 .text.HAL_ADC_GetValue
                0x08002808       0x18 Drivers\STM32F1xx_HAL_Driver\Src\stm32f1xx_hal_adc.o
                0x08002808                HAL_ADC_GetValue
 .text.HAL_ADC_ConfigChannel
                0x08002820      0x1f0 Drivers\STM32F1xx_HAL_Driver\Src\stm32f1xx_hal_adc.o
                0x08002820                HAL_ADC_ConfigChannel
 .text.ADC_Enable
                0x08002a10       0xa4 Drivers\STM32F1xx_HAL_Driver\Src\stm32f1xx_hal_adc.o
                0x08002a10                ADC_Enable
 .text.ADC_ConversionStop_Disable
                0x08002ab4       0x74 Drivers\STM32F1xx_HAL_Driver\Src\stm32f1xx_hal_adc.o
                0x08002ab4                ADC_ConversionStop_Disable
 .text.HAL_ADCEx_Calibration_Start
                0x08002b28      0x138 Drivers\STM32F1xx_HAL_Driver\Src\stm32f1xx_hal_adc_ex.o
                0x08002b28                HAL_ADCEx_Calibration_Start
 .text.__NVIC_SetPriorityGrouping
                0x08002c60       0x48 Drivers\STM32F1xx_HAL_Driver\Src\stm32f1xx_hal_cortex.o
 .text.__NVIC_GetPriorityGrouping
                0x08002ca8       0x1c Drivers\STM32F1xx_HAL_Driver\Src\stm32f1xx_hal_cortex.o
 .text.__NVIC_SetPriority
                0x08002cc4       0x54 Drivers\STM32F1xx_HAL_Driver\Src\stm32f1xx_hal_cortex.o
 .text.NVIC_EncodePriority
                0x08002d18       0x60 Drivers\STM32F1xx_HAL_Driver\Src\stm32f1xx_hal_cortex.o
 .text.SysTick_Config
                0x08002d78       0x44 Drivers\STM32F1xx_HAL_Driver\Src\stm32f1xx_hal_cortex.o
 .text.HAL_NVIC_SetPriorityGrouping
                0x08002dbc       0x16 Drivers\STM32F1xx_HAL_Driver\Src\stm32f1xx_hal_cortex.o
                0x08002dbc                HAL_NVIC_SetPriorityGrouping
 .text.HAL_NVIC_SetPriority
                0x08002dd2       0x38 Drivers\STM32F1xx_HAL_Driver\Src\stm32f1xx_hal_cortex.o
                0x08002dd2                HAL_NVIC_SetPriority
 .text.HAL_SYSTICK_Config
                0x08002e0a       0x18 Drivers\STM32F1xx_HAL_Driver\Src\stm32f1xx_hal_cortex.o
                0x08002e0a                HAL_SYSTICK_Config
 *fill*         0x08002e22        0x2 
 .text.HAL_GPIO_Init
                0x08002e24      0x2b4 Drivers\STM32F1xx_HAL_Driver\Src\stm32f1xx_hal_gpio.o
                0x08002e24                HAL_GPIO_Init
 .text.HAL_GPIO_WritePin
                0x080030d8       0x30 Drivers\STM32F1xx_HAL_Driver\Src\stm32f1xx_hal_gpio.o
                0x080030d8                HAL_GPIO_WritePin
 .text.HAL_I2C_Init
                0x08003108      0x270 Drivers\STM32F1xx_HAL_Driver\Src\stm32f1xx_hal_i2c.o
                0x08003108                HAL_I2C_Init
 .text.HAL_I2C_Master_Transmit
                0x08003378      0x1fc Drivers\STM32F1xx_HAL_Driver\Src\stm32f1xx_hal_i2c.o
                0x08003378                HAL_I2C_Master_Transmit
 .text.I2C_MasterRequestWrite
                0x08003574      0x104 Drivers\STM32F1xx_HAL_Driver\Src\stm32f1xx_hal_i2c.o
 .text.I2C_WaitOnFlagUntilTimeout
                0x08003678       0xae Drivers\STM32F1xx_HAL_Driver\Src\stm32f1xx_hal_i2c.o
 .text.I2C_WaitOnMasterAddressFlagUntilTimeout
                0x08003726       0xfe Drivers\STM32F1xx_HAL_Driver\Src\stm32f1xx_hal_i2c.o
 .text.I2C_WaitOnTXEFlagUntilTimeout
                0x08003824       0x82 Drivers\STM32F1xx_HAL_Driver\Src\stm32f1xx_hal_i2c.o
 .text.I2C_WaitOnBTFFlagUntilTimeout
                0x080038a6       0x82 Drivers\STM32F1xx_HAL_Driver\Src\stm32f1xx_hal_i2c.o
 .text.I2C_IsAcknowledgeFailed
                0x08003928       0x5c Drivers\STM32F1xx_HAL_Driver\Src\stm32f1xx_hal_i2c.o
 .text.HAL_RCC_OscConfig
                0x08003984      0x500 Drivers\STM32F1xx_HAL_Driver\Src\stm32f1xx_hal_rcc.o
                0x08003984                HAL_RCC_OscConfig
 .text.HAL_RCC_ClockConfig
                0x08003e84      0x1d4 Drivers\STM32F1xx_HAL_Driver\Src\stm32f1xx_hal_rcc.o
                0x08003e84                HAL_RCC_ClockConfig
 .text.HAL_RCC_GetSysClockFreq
                0x08004058       0xc4 Drivers\STM32F1xx_HAL_Driver\Src\stm32f1xx_hal_rcc.o
                0x08004058                HAL_RCC_GetSysClockFreq
 .text.HAL_RCC_GetHCLKFreq
                0x0800411c       0x14 Drivers\STM32F1xx_HAL_Driver\Src\stm32f1xx_hal_rcc.o
                0x0800411c                HAL_RCC_GetHCLKFreq
 .text.HAL_RCC_GetPCLK1Freq
                0x08004130       0x28 Drivers\STM32F1xx_HAL_Driver\Src\stm32f1xx_hal_rcc.o
                0x08004130                HAL_RCC_GetPCLK1Freq
 .text.HAL_RCC_GetPCLK2Freq
                0x08004158       0x28 Drivers\STM32F1xx_HAL_Driver\Src\stm32f1xx_hal_rcc.o
                0x08004158                HAL_RCC_GetPCLK2Freq
 .text.RCC_Delay
                0x08004180       0x3c Drivers\STM32F1xx_HAL_Driver\Src\stm32f1xx_hal_rcc.o
 .text.HAL_RCCEx_PeriphCLKConfig
                0x080041bc      0x16c Drivers\STM32F1xx_HAL_Driver\Src\stm32f1xx_hal_rcc_ex.o
                0x080041bc                HAL_RCCEx_PeriphCLKConfig
 .text.HAL_RCCEx_GetPeriphCLKFreq
                0x08004328      0x178 Drivers\STM32F1xx_HAL_Driver\Src\stm32f1xx_hal_rcc_ex.o
                0x08004328                HAL_RCCEx_GetPeriphCLKFreq
 .text.HAL_TIM_Base_Init
                0x080044a0       0x9e Drivers\STM32F1xx_HAL_Driver\Src\stm32f1xx_hal_tim.o
                0x080044a0                HAL_TIM_Base_Init
 .text.HAL_TIM_PWM_Init
                0x0800453e       0x9e Drivers\STM32F1xx_HAL_Driver\Src\stm32f1xx_hal_tim.o
                0x0800453e                HAL_TIM_PWM_Init
 .text.HAL_TIM_PWM_MspInit
                0x080045dc       0x12 Drivers\STM32F1xx_HAL_Driver\Src\stm32f1xx_hal_tim.o
                0x080045dc                HAL_TIM_PWM_MspInit
 *fill*         0x080045ee        0x2 
 .text.HAL_TIM_PWM_Start
                0x080045f0      0x144 Drivers\STM32F1xx_HAL_Driver\Src\stm32f1xx_hal_tim.o
                0x080045f0                HAL_TIM_PWM_Start
 .text.HAL_TIM_PWM_ConfigChannel
                0x08004734      0x17c Drivers\STM32F1xx_HAL_Driver\Src\stm32f1xx_hal_tim.o
                0x08004734                HAL_TIM_PWM_ConfigChannel
 .text.HAL_TIM_ConfigClockSource
                0x080048b0      0x16e Drivers\STM32F1xx_HAL_Driver\Src\stm32f1xx_hal_tim.o
                0x080048b0                HAL_TIM_ConfigClockSource
 *fill*         0x08004a1e        0x2 
 .text.TIM_Base_SetConfig
                0x08004a20       0xc4 Drivers\STM32F1xx_HAL_Driver\Src\stm32f1xx_hal_tim.o
                0x08004a20                TIM_Base_SetConfig
 .text.TIM_OC1_SetConfig
                0x08004ae4       0xcc Drivers\STM32F1xx_HAL_Driver\Src\stm32f1xx_hal_tim.o
 .text.TIM_OC2_SetConfig
                0x08004bb0       0xd4 Drivers\STM32F1xx_HAL_Driver\Src\stm32f1xx_hal_tim.o
                0x08004bb0                TIM_OC2_SetConfig
 .text.TIM_OC3_SetConfig
                0x08004c84       0xd4 Drivers\STM32F1xx_HAL_Driver\Src\stm32f1xx_hal_tim.o
 .text.TIM_OC4_SetConfig
                0x08004d58       0x9c Drivers\STM32F1xx_HAL_Driver\Src\stm32f1xx_hal_tim.o
 .text.TIM_TI1_ConfigInputStage
                0x08004df4       0x5c Drivers\STM32F1xx_HAL_Driver\Src\stm32f1xx_hal_tim.o
 .text.TIM_TI2_ConfigInputStage
                0x08004e50       0x5e Drivers\STM32F1xx_HAL_Driver\Src\stm32f1xx_hal_tim.o
 .text.TIM_ITRx_SetConfig
                0x08004eae       0x34 Drivers\STM32F1xx_HAL_Driver\Src\stm32f1xx_hal_tim.o
 .text.TIM_ETR_SetConfig
                0x08004ee2       0x3e Drivers\STM32F1xx_HAL_Driver\Src\stm32f1xx_hal_tim.o
                0x08004ee2                TIM_ETR_SetConfig
 .text.TIM_CCxChannelCmd
                0x08004f20       0x48 Drivers\STM32F1xx_HAL_Driver\Src\stm32f1xx_hal_tim.o
                0x08004f20                TIM_CCxChannelCmd
 .text.HAL_TIMEx_MasterConfigSynchronization
                0x08004f68       0xbc Drivers\STM32F1xx_HAL_Driver\Src\stm32f1xx_hal_tim_ex.o
                0x08004f68                HAL_TIMEx_MasterConfigSynchronization
 .text.Reset_Handler
                0x08005024       0x48 startup\startup_stm32f103xb.o
                0x08005024                Reset_Handler
 .text.Default_Handler
                0x0800506c        0x2 startup\startup_stm32f103xb.o
                0x0800506c                RTC_Alarm_IRQHandler
                0x0800506c                EXTI2_IRQHandler
                0x0800506c                TIM1_CC_IRQHandler
                0x0800506c                PVD_IRQHandler
                0x0800506c                EXTI3_IRQHandler
                0x0800506c                EXTI0_IRQHandler
                0x0800506c                I2C2_EV_IRQHandler
                0x0800506c                ADC1_2_IRQHandler
                0x0800506c                SPI1_IRQHandler
                0x0800506c                TAMPER_IRQHandler
                0x0800506c                DMA1_Channel4_IRQHandler
                0x0800506c                USART3_IRQHandler
                0x0800506c                RTC_IRQHandler
                0x0800506c                DMA1_Channel7_IRQHandler
                0x0800506c                CAN1_RX1_IRQHandler
                0x0800506c                TIM4_IRQHandler
                0x0800506c                I2C1_EV_IRQHandler
                0x0800506c                DMA1_Channel6_IRQHandler
                0x0800506c                TIM3_IRQHandler
                0x0800506c                RCC_IRQHandler
                0x0800506c                TIM1_TRG_COM_IRQHandler
                0x0800506c                DMA1_Channel1_IRQHandler
                0x0800506c                Default_Handler
                0x0800506c                EXTI15_10_IRQHandler
                0x0800506c                EXTI9_5_IRQHandler
                0x0800506c                SPI2_IRQHandler
                0x0800506c                DMA1_Channel5_IRQHandler
                0x0800506c                EXTI4_IRQHandler
                0x0800506c                USB_LP_CAN1_RX0_IRQHandler
                0x0800506c                USB_HP_CAN1_TX_IRQHandler
                0x0800506c                DMA1_Channel3_IRQHandler
                0x0800506c                TIM1_UP_IRQHandler
                0x0800506c                WWDG_IRQHandler
                0x0800506c                TIM2_IRQHandler
                0x0800506c                TIM1_BRK_IRQHandler
                0x0800506c                EXTI1_IRQHandler
                0x0800506c                USART2_IRQHandler
                0x0800506c                I2C2_ER_IRQHandler
                0x0800506c                DMA1_Channel2_IRQHandler
                0x0800506c                CAN1_SCE_IRQHandler
                0x0800506c                FLASH_IRQHandler
                0x0800506c                USART1_IRQHandler
                0x0800506c                I2C1_ER_IRQHandler
                0x0800506c                USBWakeUp_IRQHandler
 *fill*         0x0800506e        0x2 
 .text.__errno  0x08005070        0xc c:/program files (x86)/atollic/truestudio for stm32 9.3.0/armtools/bin/../lib/gcc/arm-atollic-eabi/6.3.1/../../../../arm-atollic-eabi/lib/armv7-m\libc.a(lib_a-errno.o)
                0x08005070                __errno
 .text.__libc_init_array
                0x0800507c       0x48 c:/program files (x86)/atollic/truestudio for stm32 9.3.0/armtools/bin/../lib/gcc/arm-atollic-eabi/6.3.1/../../../../arm-atollic-eabi/lib/armv7-m\libc.a(lib_a-init.o)
                0x0800507c                __libc_init_array
 .text.memset   0x080050c4       0x10 c:/program files (x86)/atollic/truestudio for stm32 9.3.0/armtools/bin/../lib/gcc/arm-atollic-eabi/6.3.1/../../../../arm-atollic-eabi/lib/armv7-m\libc.a(lib_a-memset.o)
                0x080050c4                memset
 .text.sprintf  0x080050d4       0x48 c:/program files (x86)/atollic/truestudio for stm32 9.3.0/armtools/bin/../lib/gcc/arm-atollic-eabi/6.3.1/../../../../arm-atollic-eabi/lib/armv7-m\libc.a(lib_a-sprintf.o)
                0x080050d4                sprintf
 .text._svfprintf_r
                0x0800511c      0xfa0 c:/program files (x86)/atollic/truestudio for stm32 9.3.0/armtools/bin/../lib/gcc/arm-atollic-eabi/6.3.1/../../../../arm-atollic-eabi/lib/armv7-m\libc.a(lib_a-svfprintf.o)
                0x0800511c                _svfprintf_r
 .text.quorem   0x080060bc      0x118 c:/program files (x86)/atollic/truestudio for stm32 9.3.0/armtools/bin/../lib/gcc/arm-atollic-eabi/6.3.1/../../../../arm-atollic-eabi/lib/armv7-m\libc.a(lib_a-dtoa.o)
 *fill*         0x080061d4        0x4 
 .text._dtoa_r  0x080061d8      0xba8 c:/program files (x86)/atollic/truestudio for stm32 9.3.0/armtools/bin/../lib/gcc/arm-atollic-eabi/6.3.1/../../../../arm-atollic-eabi/lib/armv7-m\libc.a(lib_a-dtoa.o)
                0x080061d8                _dtoa_r
 .text._localeconv_r
                0x08006d80       0x1c c:/program files (x86)/atollic/truestudio for stm32 9.3.0/armtools/bin/../lib/gcc/arm-atollic-eabi/6.3.1/../../../../arm-atollic-eabi/lib/armv7-m\libc.a(lib_a-localeconv.o)
                0x08006d80                _localeconv_r
 .text.malloc   0x08006d9c       0x10 c:/program files (x86)/atollic/truestudio for stm32 9.3.0/armtools/bin/../lib/gcc/arm-atollic-eabi/6.3.1/../../../../arm-atollic-eabi/lib/armv7-m\libc.a(lib_a-malloc.o)
                0x08006d9c                malloc
 .text._malloc_r
                0x08006dac      0x418 c:/program files (x86)/atollic/truestudio for stm32 9.3.0/armtools/bin/../lib/gcc/arm-atollic-eabi/6.3.1/../../../../arm-atollic-eabi/lib/armv7-m\libc.a(lib_a-mallocr.o)
                0x08006dac                _malloc_r
 .text.memchr   0x080071c4       0x1c c:/program files (x86)/atollic/truestudio for stm32 9.3.0/armtools/bin/../lib/gcc/arm-atollic-eabi/6.3.1/../../../../arm-atollic-eabi/lib/armv7-m\libc.a(lib_a-memchr-stub.o)
                0x080071c4                memchr
 .text.memcpy   0x080071e0       0x16 c:/program files (x86)/atollic/truestudio for stm32 9.3.0/armtools/bin/../lib/gcc/arm-atollic-eabi/6.3.1/../../../../arm-atollic-eabi/lib/armv7-m\libc.a(lib_a-memcpy-stub.o)
                0x080071e0                memcpy
 *fill*         0x080071f6        0x2 
 .text.__malloc_lock
                0x080071f8        0xc c:/program files (x86)/atollic/truestudio for stm32 9.3.0/armtools/bin/../lib/gcc/arm-atollic-eabi/6.3.1/../../../../arm-atollic-eabi/lib/armv7-m\libc.a(lib_a-mlock.o)
                0x080071f8                __malloc_lock
 .text.__malloc_unlock
                0x08007204        0xc c:/program files (x86)/atollic/truestudio for stm32 9.3.0/armtools/bin/../lib/gcc/arm-atollic-eabi/6.3.1/../../../../arm-atollic-eabi/lib/armv7-m\libc.a(lib_a-mlock.o)
                0x08007204                __malloc_unlock
 .text._Balloc  0x08007210       0x68 c:/program files (x86)/atollic/truestudio for stm32 9.3.0/armtools/bin/../lib/gcc/arm-atollic-eabi/6.3.1/../../../../arm-atollic-eabi/lib/armv7-m\libc.a(lib_a-mprec.o)
                0x08007210                _Balloc
 .text._Bfree   0x08007278       0x2e c:/program files (x86)/atollic/truestudio for stm32 9.3.0/armtools/bin/../lib/gcc/arm-atollic-eabi/6.3.1/../../../../arm-atollic-eabi/lib/armv7-m\libc.a(lib_a-mprec.o)
                0x08007278                _Bfree
 .text.__multadd
                0x080072a6       0x76 c:/program files (x86)/atollic/truestudio for stm32 9.3.0/armtools/bin/../lib/gcc/arm-atollic-eabi/6.3.1/../../../../arm-atollic-eabi/lib/armv7-m\libc.a(lib_a-mprec.o)
                0x080072a6                __multadd
 .text.__hi0bits
                0x0800731c       0x3e c:/program files (x86)/atollic/truestudio for stm32 9.3.0/armtools/bin/../lib/gcc/arm-atollic-eabi/6.3.1/../../../../arm-atollic-eabi/lib/armv7-m\libc.a(lib_a-mprec.o)
                0x0800731c                __hi0bits
 .text.__lo0bits
                0x0800735a       0x5e c:/program files (x86)/atollic/truestudio for stm32 9.3.0/armtools/bin/../lib/gcc/arm-atollic-eabi/6.3.1/../../../../arm-atollic-eabi/lib/armv7-m\libc.a(lib_a-mprec.o)
                0x0800735a                __lo0bits
 .text.__i2b    0x080073b8       0x12 c:/program files (x86)/atollic/truestudio for stm32 9.3.0/armtools/bin/../lib/gcc/arm-atollic-eabi/6.3.1/../../../../arm-atollic-eabi/lib/armv7-m\libc.a(lib_a-mprec.o)
                0x080073b8                __i2b
 .text.__multiply
                0x080073ca      0x118 c:/program files (x86)/atollic/truestudio for stm32 9.3.0/armtools/bin/../lib/gcc/arm-atollic-eabi/6.3.1/../../../../arm-atollic-eabi/lib/armv7-m\libc.a(lib_a-mprec.o)
                0x080073ca                __multiply
 *fill*         0x080074e2        0x2 
 .text.__pow5mult
                0x080074e4       0x9c c:/program files (x86)/atollic/truestudio for stm32 9.3.0/armtools/bin/../lib/gcc/arm-atollic-eabi/6.3.1/../../../../arm-atollic-eabi/lib/armv7-m\libc.a(lib_a-mprec.o)
                0x080074e4                __pow5mult
 .text.__lshift
                0x08007580       0xa2 c:/program files (x86)/atollic/truestudio for stm32 9.3.0/armtools/bin/../lib/gcc/arm-atollic-eabi/6.3.1/../../../../arm-atollic-eabi/lib/armv7-m\libc.a(lib_a-mprec.o)
                0x08007580                __lshift
 .text.__mcmp   0x08007622       0x34 c:/program files (x86)/atollic/truestudio for stm32 9.3.0/armtools/bin/../lib/gcc/arm-atollic-eabi/6.3.1/../../../../arm-atollic-eabi/lib/armv7-m\libc.a(lib_a-mprec.o)
                0x08007622                __mcmp
 .text.__mdiff  0x08007656       0xbe c:/program files (x86)/atollic/truestudio for stm32 9.3.0/armtools/bin/../lib/gcc/arm-atollic-eabi/6.3.1/../../../../arm-atollic-eabi/lib/armv7-m\libc.a(lib_a-mprec.o)
                0x08007656                __mdiff
 .text.__d2b    0x08007714       0x9e c:/program files (x86)/atollic/truestudio for stm32 9.3.0/armtools/bin/../lib/gcc/arm-atollic-eabi/6.3.1/../../../../arm-atollic-eabi/lib/armv7-m\libc.a(lib_a-mprec.o)
                0x08007714                __d2b
 *fill*         0x080077b2        0x2 
 .text._sbrk_r  0x080077b4       0x20 c:/program files (x86)/atollic/truestudio for stm32 9.3.0/armtools/bin/../lib/gcc/arm-atollic-eabi/6.3.1/../../../../arm-atollic-eabi/lib/armv7-m\libc.a(lib_a-sbrkr.o)
                0x080077b4                _sbrk_r
 .text.__ssprint_r
                0x080077d4       0xf4 c:/program files (x86)/atollic/truestudio for stm32 9.3.0/armtools/bin/../lib/gcc/arm-atollic-eabi/6.3.1/../../../../arm-atollic-eabi/lib/armv7-m\libc.a(lib_a-svfiprintf.o)
                0x080077d4                __ssprint_r
 .text._calloc_r
                0x080078c8       0x5a c:/program files (x86)/atollic/truestudio for stm32 9.3.0/armtools/bin/../lib/gcc/arm-atollic-eabi/6.3.1/../../../../arm-atollic-eabi/lib/armv7-m\libc.a(lib_a-callocr.o)
                0x080078c8                _calloc_r
 *fill*         0x08007922        0x2 
 .text._malloc_trim_r
                0x08007924       0xac c:/program files (x86)/atollic/truestudio for stm32 9.3.0/armtools/bin/../lib/gcc/arm-atollic-eabi/6.3.1/../../../../arm-atollic-eabi/lib/armv7-m\libc.a(lib_a-freer.o)
                0x08007924                _malloc_trim_r
 .text._free_r  0x080079d0      0x178 c:/program files (x86)/atollic/truestudio for stm32 9.3.0/armtools/bin/../lib/gcc/arm-atollic-eabi/6.3.1/../../../../arm-atollic-eabi/lib/armv7-m\libc.a(lib_a-freer.o)
                0x080079d0                _free_r
 .text.__retarget_lock_acquire_recursive
                0x08007b48        0x2 c:/program files (x86)/atollic/truestudio for stm32 9.3.0/armtools/bin/../lib/gcc/arm-atollic-eabi/6.3.1/../../../../arm-atollic-eabi/lib/armv7-m\libc.a(lib_a-lock.o)
                0x08007b48                __retarget_lock_acquire_recursive
 .text.__retarget_lock_release_recursive
                0x08007b4a        0x2 c:/program files (x86)/atollic/truestudio for stm32 9.3.0/armtools/bin/../lib/gcc/arm-atollic-eabi/6.3.1/../../../../arm-atollic-eabi/lib/armv7-m\libc.a(lib_a-lock.o)
                0x08007b4a                __retarget_lock_release_recursive
 .text.__ascii_mbtowc
                0x08007b4c       0x24 c:/program files (x86)/atollic/truestudio for stm32 9.3.0/armtools/bin/../lib/gcc/arm-atollic-eabi/6.3.1/../../../../arm-atollic-eabi/lib/armv7-m\libc.a(lib_a-mbtowc_r.o)
                0x08007b4c                __ascii_mbtowc
 .text.memmove  0x08007b70       0x34 c:/program files (x86)/atollic/truestudio for stm32 9.3.0/armtools/bin/../lib/gcc/arm-atollic-eabi/6.3.1/../../../../arm-atollic-eabi/lib/armv7-m\libc.a(lib_a-memmove.o)
                0x08007b70                memmove
 .text._realloc_r
                0x08007ba4      0x304 c:/program files (x86)/atollic/truestudio for stm32 9.3.0/armtools/bin/../lib/gcc/arm-atollic-eabi/6.3.1/../../../../arm-atollic-eabi/lib/armv7-m\libc.a(lib_a-reallocr.o)
                0x08007ba4                _realloc_r
 .text.__ascii_wctomb
                0x08007ea8       0x1a c:/program files (x86)/atollic/truestudio for stm32 9.3.0/armtools/bin/../lib/gcc/arm-atollic-eabi/6.3.1/../../../../arm-atollic-eabi/lib/armv7-m\libc.a(lib_a-wctomb_r.o)
                0x08007ea8                __ascii_wctomb
 *(.glue_7)
 .glue_7        0x08007ec2        0x0 linker stubs
 *(.glue_7t)
 .glue_7t       0x08007ec2        0x0 linker stubs
 *(.eh_frame)
 *fill*         0x08007ec2        0x2 
 .eh_frame      0x08007ec4        0x0 c:/program files (x86)/atollic/truestudio for stm32 9.3.0/armtools/bin/../lib/gcc/arm-atollic-eabi/6.3.1/armv7-m/crtbegin.o
 *(.init)
 .init          0x08007ec4        0x4 c:/program files (x86)/atollic/truestudio for stm32 9.3.0/armtools/bin/../lib/gcc/arm-atollic-eabi/6.3.1/armv7-m/crti.o
                0x08007ec4                _init
 .init          0x08007ec8        0x8 c:/program files (x86)/atollic/truestudio for stm32 9.3.0/armtools/bin/../lib/gcc/arm-atollic-eabi/6.3.1/armv7-m/crtn.o
 *(.fini)
 .fini          0x08007ed0        0x4 c:/program files (x86)/atollic/truestudio for stm32 9.3.0/armtools/bin/../lib/gcc/arm-atollic-eabi/6.3.1/armv7-m/crti.o
                0x08007ed0                _fini
 .fini          0x08007ed4        0x8 c:/program files (x86)/atollic/truestudio for stm32 9.3.0/armtools/bin/../lib/gcc/arm-atollic-eabi/6.3.1/armv7-m/crtn.o
                0x08007edc                . = ALIGN (0x4)
                0x08007edc                _etext = .

.vfp11_veneer   0x08007edc        0x0
 .vfp11_veneer  0x08007edc        0x0 linker stubs

.v4_bx          0x08007edc        0x0
 .v4_bx         0x08007edc        0x0 linker stubs

.iplt           0x08007edc        0x0
 .iplt          0x08007edc        0x0 c:/program files (x86)/atollic/truestudio for stm32 9.3.0/armtools/bin/../lib/gcc/arm-atollic-eabi/6.3.1/armv7-m/crtbegin.o

.rodata         0x08007ee0      0x2e0
                0x08007ee0                . = ALIGN (0x4)
 *(.rodata)
 .rodata        0x08007ee0       0x10 Core\Src\i2c-lcd.o
 .rodata        0x08007ef0       0x21 Core\Src\main.o
 *fill*         0x08007f11        0x3 
 .rodata        0x08007f14       0x12 Drivers\STM32F1xx_HAL_Driver\Src\stm32f1xx_hal_rcc.o
 *fill*         0x08007f26        0x2 
 .rodata        0x08007f28       0x12 Drivers\STM32F1xx_HAL_Driver\Src\stm32f1xx_hal_rcc_ex.o
 *(.rodata*)
 *fill*         0x08007f3a        0x2 
 .rodata.AHBPrescTable
                0x08007f3c       0x10 Core\Src\system_stm32f1xx.o
                0x08007f3c                AHBPrescTable
 .rodata.APBPrescTable
                0x08007f4c        0x8 Core\Src\system_stm32f1xx.o
                0x08007f4c                APBPrescTable
 .rodata._svfprintf_r.str1.1
                0x08007f54       0x34 c:/program files (x86)/atollic/truestudio for stm32 9.3.0/armtools/bin/../lib/gcc/arm-atollic-eabi/6.3.1/../../../../arm-atollic-eabi/lib/armv7-m\libc.a(lib_a-svfprintf.o)
 .rodata.blanks.7236
                0x08007f88       0x10 c:/program files (x86)/atollic/truestudio for stm32 9.3.0/armtools/bin/../lib/gcc/arm-atollic-eabi/6.3.1/../../../../arm-atollic-eabi/lib/armv7-m\libc.a(lib_a-svfprintf.o)
 .rodata.zeroes.7237
                0x08007f98       0x10 c:/program files (x86)/atollic/truestudio for stm32 9.3.0/armtools/bin/../lib/gcc/arm-atollic-eabi/6.3.1/../../../../arm-atollic-eabi/lib/armv7-m\libc.a(lib_a-svfprintf.o)
 .rodata._dtoa_r.str1.1
                0x08007fa8        0xd c:/program files (x86)/atollic/truestudio for stm32 9.3.0/armtools/bin/../lib/gcc/arm-atollic-eabi/6.3.1/../../../../arm-atollic-eabi/lib/armv7-m\libc.a(lib_a-dtoa.o)
                                  0xf (size before relaxing)
 *fill*         0x08007fb5        0x3 
 .rodata.__mprec_bigtens
                0x08007fb8       0x28 c:/program files (x86)/atollic/truestudio for stm32 9.3.0/armtools/bin/../lib/gcc/arm-atollic-eabi/6.3.1/../../../../arm-atollic-eabi/lib/armv7-m\libc.a(lib_a-mprec.o)
                0x08007fb8                __mprec_bigtens
 .rodata.__mprec_tens
                0x08007fe0       0xc8 c:/program files (x86)/atollic/truestudio for stm32 9.3.0/armtools/bin/../lib/gcc/arm-atollic-eabi/6.3.1/../../../../arm-atollic-eabi/lib/armv7-m\libc.a(lib_a-mprec.o)
                0x08007fe0                __mprec_tens
 .rodata.p05.6073
                0x080080a8        0xc c:/program files (x86)/atollic/truestudio for stm32 9.3.0/armtools/bin/../lib/gcc/arm-atollic-eabi/6.3.1/../../../../arm-atollic-eabi/lib/armv7-m\libc.a(lib_a-mprec.o)
 .rodata._setlocale_r.str1.1
                0x080080b4        0x8 c:/program files (x86)/atollic/truestudio for stm32 9.3.0/armtools/bin/../lib/gcc/arm-atollic-eabi/6.3.1/../../../../arm-atollic-eabi/lib/armv7-m\libc.a(lib_a-locale.o)
                                  0x9 (size before relaxing)
 .rodata.str1.1
                0x080080bc        0x2 c:/program files (x86)/atollic/truestudio for stm32 9.3.0/armtools/bin/../lib/gcc/arm-atollic-eabi/6.3.1/../../../../arm-atollic-eabi/lib/armv7-m\libc.a(lib_a-locale.o)
 .rodata._ctype_
                0x080080be      0x101 c:/program files (x86)/atollic/truestudio for stm32 9.3.0/armtools/bin/../lib/gcc/arm-atollic-eabi/6.3.1/../../../../arm-atollic-eabi/lib/armv7-m\libc.a(lib_a-ctype_.o)
                0x080080be                _ctype_
                0x080081c0                . = ALIGN (0x4)
 *fill*         0x080081bf        0x1 

.ARM.extab
 *(.ARM.extab* .gnu.linkonce.armextab.*)

.ARM            0x080081c0        0x8
                0x080081c0                __exidx_start = .
 *(.ARM.exidx*)
 .ARM.exidx     0x080081c0        0x8 c:/program files (x86)/atollic/truestudio for stm32 9.3.0/armtools/bin/../lib/gcc/arm-atollic-eabi/6.3.1/armv7-m\libgcc.a(_udivmoddi4.o)
                0x080081c8                __exidx_end = .

.rel.dyn        0x080081c8        0x0
 .rel.iplt      0x080081c8        0x0 c:/program files (x86)/atollic/truestudio for stm32 9.3.0/armtools/bin/../lib/gcc/arm-atollic-eabi/6.3.1/armv7-m/crtbegin.o

.preinit_array  0x080081c8        0x0
                0x080081c8                PROVIDE (__preinit_array_start, .)
 *(.preinit_array*)
                0x080081c8                PROVIDE (__preinit_array_end, .)

.init_array     0x080081c8        0x4
                0x080081c8                PROVIDE (__init_array_start, .)
 *(SORT(.init_array.*))
 *(.init_array*)
 .init_array    0x080081c8        0x4 c:/program files (x86)/atollic/truestudio for stm32 9.3.0/armtools/bin/../lib/gcc/arm-atollic-eabi/6.3.1/armv7-m/crtbegin.o
                0x080081cc                PROVIDE (__init_array_end, .)

.fini_array     0x080081cc        0x4
                [!provide]                PROVIDE (__fini_array_start, .)
 *(SORT(.fini_array.*))
 *(.fini_array*)
 .fini_array    0x080081cc        0x4 c:/program files (x86)/atollic/truestudio for stm32 9.3.0/armtools/bin/../lib/gcc/arm-atollic-eabi/6.3.1/armv7-m/crtbegin.o
                [!provide]                PROVIDE (__fini_array_end, .)
                0x080081d0                _sidata = LOADADDR (.data)

.data           0x20000000      0x67c load address 0x080081d0
                0x20000000                . = ALIGN (0x4)
                0x20000000                _sdata = .
 *(.data)
 *(.data*)
 .data.SystemCoreClock
                0x20000000        0x4 Core\Src\system_stm32f1xx.o
                0x20000000                SystemCoreClock
 .data.uwTickPrio
                0x20000004        0x4 Drivers\STM32F1xx_HAL_Driver\Src\stm32f1xx_hal.o
                0x20000004                uwTickPrio
 .data.uwTickFreq
                0x20000008        0x1 Drivers\STM32F1xx_HAL_Driver\Src\stm32f1xx_hal.o
                0x20000008                uwTickFreq
 *fill*         0x20000009        0x3 
 .data._impure_ptr
                0x2000000c        0x4 c:/program files (x86)/atollic/truestudio for stm32 9.3.0/armtools/bin/../lib/gcc/arm-atollic-eabi/6.3.1/../../../../arm-atollic-eabi/lib/armv7-m\libc.a(lib_a-impure.o)
                0x2000000c                _impure_ptr
 .data.impure_data
                0x20000010       0xf0 c:/program files (x86)/atollic/truestudio for stm32 9.3.0/armtools/bin/../lib/gcc/arm-atollic-eabi/6.3.1/../../../../arm-atollic-eabi/lib/armv7-m\libc.a(lib_a-impure.o)
 .data.__malloc_av_
                0x20000100      0x408 c:/program files (x86)/atollic/truestudio for stm32 9.3.0/armtools/bin/../lib/gcc/arm-atollic-eabi/6.3.1/../../../../arm-atollic-eabi/lib/armv7-m\libc.a(lib_a-mallocr.o)
                0x20000100                __malloc_av_
 .data.__malloc_sbrk_base
                0x20000508        0x4 c:/program files (x86)/atollic/truestudio for stm32 9.3.0/armtools/bin/../lib/gcc/arm-atollic-eabi/6.3.1/../../../../arm-atollic-eabi/lib/armv7-m\libc.a(lib_a-mallocr.o)
                0x20000508                __malloc_sbrk_base
 .data.__malloc_trim_threshold
                0x2000050c        0x4 c:/program files (x86)/atollic/truestudio for stm32 9.3.0/armtools/bin/../lib/gcc/arm-atollic-eabi/6.3.1/../../../../arm-atollic-eabi/lib/armv7-m\libc.a(lib_a-mallocr.o)
                0x2000050c                __malloc_trim_threshold
 .data.__global_locale
                0x20000510      0x16c c:/program files (x86)/atollic/truestudio for stm32 9.3.0/armtools/bin/../lib/gcc/arm-atollic-eabi/6.3.1/../../../../arm-atollic-eabi/lib/armv7-m\libc.a(lib_a-locale.o)
                0x20000510                __global_locale
                0x2000067c                . = ALIGN (0x4)
                0x2000067c                _edata = .

.igot.plt       0x2000067c        0x0 load address 0x0800884c
 .igot.plt      0x2000067c        0x0 c:/program files (x86)/atollic/truestudio for stm32 9.3.0/armtools/bin/../lib/gcc/arm-atollic-eabi/6.3.1/armv7-m/crtbegin.o
                0x2000067c                . = ALIGN (0x4)

.bss            0x20000680      0x1f0 load address 0x0800884c
                0x20000680                _sbss = .
                0x20000680                __bss_start__ = _sbss
 *(.bss)
 .bss           0x20000680       0x1c c:/program files (x86)/atollic/truestudio for stm32 9.3.0/armtools/bin/../lib/gcc/arm-atollic-eabi/6.3.1/armv7-m/crtbegin.o
 *(.bss*)
 .bss.heap_end.5908
                0x2000069c        0x4 Core\Src\syscalls.o
 .bss.__malloc_current_mallinfo
                0x200006a0       0x28 c:/program files (x86)/atollic/truestudio for stm32 9.3.0/armtools/bin/../lib/gcc/arm-atollic-eabi/6.3.1/../../../../arm-atollic-eabi/lib/armv7-m\libc.a(lib_a-mallocr.o)
                0x200006a0                __malloc_current_mallinfo
 .bss.__malloc_max_sbrked_mem
                0x200006c8        0x4 c:/program files (x86)/atollic/truestudio for stm32 9.3.0/armtools/bin/../lib/gcc/arm-atollic-eabi/6.3.1/../../../../arm-atollic-eabi/lib/armv7-m\libc.a(lib_a-mallocr.o)
                0x200006c8                __malloc_max_sbrked_mem
 .bss.__malloc_max_total_mem
                0x200006cc        0x4 c:/program files (x86)/atollic/truestudio for stm32 9.3.0/armtools/bin/../lib/gcc/arm-atollic-eabi/6.3.1/../../../../arm-atollic-eabi/lib/armv7-m\libc.a(lib_a-mallocr.o)
                0x200006cc                __malloc_max_total_mem
 .bss.__malloc_top_pad
                0x200006d0        0x4 c:/program files (x86)/atollic/truestudio for stm32 9.3.0/armtools/bin/../lib/gcc/arm-atollic-eabi/6.3.1/../../../../arm-atollic-eabi/lib/armv7-m\libc.a(lib_a-mallocr.o)
                0x200006d0                __malloc_top_pad
 *(COMMON)
 *fill*         0x200006d4        0x4 
 COMMON         0x200006d8       0x60 Core\Src\PID_lib.o
                0x200006d8                kI_clamp_MIN
                0x200006e0                last_error
                0x200006e8                output_MAX
                0x200006f0                output
                0x200006f8                output_MIN
                0x20000700                kD_error_der
                0x20000708                kP
                0x20000710                kI_error_sum
                0x20000718                kD
                0x20000720                kI_clamp_MAX
                0x20000728                kI
                0x20000730                error
 COMMON         0x20000738      0x124 Core\Src\main.o
                0x20000738                hadc2
                0x20000768                hi2c1
                0x200007bc                display
                0x200007d0                real_value
                0x200007d8                current_temp
                0x200007dc                hadc1
                0x2000080c                htim2
                0x20000854                set_temp
                0x20000858                pwm_pow
                0x2000085a                value
 COMMON         0x2000085c        0x4 Drivers\STM32F1xx_HAL_Driver\Src\stm32f1xx_hal.o
                0x2000085c                uwTick
 COMMON         0x20000860        0x9 c:/program files (x86)/atollic/truestudio for stm32 9.3.0/armtools/bin/../lib/gcc/arm-atollic-eabi/6.3.1/../../../../arm-atollic-eabi/lib/armv7-m\libc.a(lib_a-lock.o)
                0x20000860                __lock___atexit_recursive_mutex
                0x20000861                __lock___arc4random_mutex
                0x20000862                __lock___env_recursive_mutex
                0x20000863                __lock___sinit_recursive_mutex
                0x20000864                __lock___malloc_recursive_mutex
                0x20000865                __lock___at_quick_exit_mutex
                0x20000866                __lock___dd_hash_mutex
                0x20000867                __lock___tz_mutex
                0x20000868                __lock___sfp_recursive_mutex
 *fill*         0x20000869        0x3 
 COMMON         0x2000086c        0x4 c:/program files (x86)/atollic/truestudio for stm32 9.3.0/armtools/bin/../lib/gcc/arm-atollic-eabi/6.3.1/../../../../arm-atollic-eabi/lib/armv7-m\libc.a(lib_a-reent.o)
                0x2000086c                errno
                0x20000870                . = ALIGN (0x4)
                0x20000870                _ebss = .
                0x20000870                __bss_end__ = _ebss

._user_heap_stack
                0x20000870      0x600 load address 0x0800884c
                0x20000870                . = ALIGN (0x4)
                0x20000870                PROVIDE (end, .)
                [!provide]                PROVIDE (_end, .)
                0x20000a70                . = (. + _Min_Heap_Size)
 *fill*         0x20000870      0x200 
                0x20000e70                . = (. + _Min_Stack_Size)
 *fill*         0x20000a70      0x400 
                0x20000e70                . = ALIGN (0x4)

/DISCARD/
 libc.a(*)
 libm.a(*)
 libgcc.a(*)

.ARM.attributes
                0x00000000       0x29
 *(.ARM.attributes)
 .ARM.attributes
                0x00000000       0x1d c:/program files (x86)/atollic/truestudio for stm32 9.3.0/armtools/bin/../lib/gcc/arm-atollic-eabi/6.3.1/armv7-m/crti.o
 .ARM.attributes
                0x0000001d       0x2d c:/program files (x86)/atollic/truestudio for stm32 9.3.0/armtools/bin/../lib/gcc/arm-atollic-eabi/6.3.1/armv7-m/crtbegin.o
 .ARM.attributes
                0x0000004a       0x33 Core\Src\PID_lib.o
 .ARM.attributes
                0x0000007d       0x33 Core\Src\i2c-lcd.o
 .ARM.attributes
                0x000000b0       0x33 Core\Src\main.o
 .ARM.attributes
                0x000000e3       0x33 Core\Src\stm32f1xx_hal_msp.o
 .ARM.attributes
                0x00000116       0x33 Core\Src\stm32f1xx_it.o
 .ARM.attributes
                0x00000149       0x33 Core\Src\syscalls.o
 .ARM.attributes
                0x0000017c       0x33 Core\Src\system_stm32f1xx.o
 .ARM.attributes
                0x000001af       0x33 Drivers\STM32F1xx_HAL_Driver\Src\stm32f1xx_hal.o
 .ARM.attributes
                0x000001e2       0x33 Drivers\STM32F1xx_HAL_Driver\Src\stm32f1xx_hal_adc.o
 .ARM.attributes
                0x00000215       0x33 Drivers\STM32F1xx_HAL_Driver\Src\stm32f1xx_hal_adc_ex.o
 .ARM.attributes
                0x00000248       0x33 Drivers\STM32F1xx_HAL_Driver\Src\stm32f1xx_hal_cortex.o
 .ARM.attributes
                0x0000027b       0x33 Drivers\STM32F1xx_HAL_Driver\Src\stm32f1xx_hal_gpio.o
 .ARM.attributes
                0x000002ae       0x33 Drivers\STM32F1xx_HAL_Driver\Src\stm32f1xx_hal_i2c.o
 .ARM.attributes
                0x000002e1       0x33 Drivers\STM32F1xx_HAL_Driver\Src\stm32f1xx_hal_rcc.o
 .ARM.attributes
                0x00000314       0x33 Drivers\STM32F1xx_HAL_Driver\Src\stm32f1xx_hal_rcc_ex.o
 .ARM.attributes
                0x00000347       0x33 Drivers\STM32F1xx_HAL_Driver\Src\stm32f1xx_hal_tim.o
 .ARM.attributes
                0x0000037a       0x33 Drivers\STM32F1xx_HAL_Driver\Src\stm32f1xx_hal_tim_ex.o
 .ARM.attributes
                0x000003ad       0x21 startup\startup_stm32f103xb.o
 .ARM.attributes
                0x000003ce       0x2d c:/program files (x86)/atollic/truestudio for stm32 9.3.0/armtools/bin/../lib/gcc/arm-atollic-eabi/6.3.1/../../../../arm-atollic-eabi/lib/armv7-m\libc.a(lib_a-errno.o)
 .ARM.attributes
                0x000003fb       0x2d c:/program files (x86)/atollic/truestudio for stm32 9.3.0/armtools/bin/../lib/gcc/arm-atollic-eabi/6.3.1/../../../../arm-atollic-eabi/lib/armv7-m\libc.a(lib_a-impure.o)
 .ARM.attributes
                0x00000428       0x2d c:/program files (x86)/atollic/truestudio for stm32 9.3.0/armtools/bin/../lib/gcc/arm-atollic-eabi/6.3.1/../../../../arm-atollic-eabi/lib/armv7-m\libc.a(lib_a-init.o)
 .ARM.attributes
                0x00000455       0x2d c:/program files (x86)/atollic/truestudio for stm32 9.3.0/armtools/bin/../lib/gcc/arm-atollic-eabi/6.3.1/../../../../arm-atollic-eabi/lib/armv7-m\libc.a(lib_a-memset.o)
 .ARM.attributes
                0x00000482       0x2d c:/program files (x86)/atollic/truestudio for stm32 9.3.0/armtools/bin/../lib/gcc/arm-atollic-eabi/6.3.1/../../../../arm-atollic-eabi/lib/armv7-m\libc.a(lib_a-sprintf.o)
 .ARM.attributes
                0x000004af       0x2d c:/program files (x86)/atollic/truestudio for stm32 9.3.0/armtools/bin/../lib/gcc/arm-atollic-eabi/6.3.1/../../../../arm-atollic-eabi/lib/armv7-m\libc.a(lib_a-svfprintf.o)
 .ARM.attributes
                0x000004dc       0x2d c:/program files (x86)/atollic/truestudio for stm32 9.3.0/armtools/bin/../lib/gcc/arm-atollic-eabi/6.3.1/../../../../arm-atollic-eabi/lib/armv7-m\libc.a(lib_a-dtoa.o)
 .ARM.attributes
                0x00000509       0x2d c:/program files (x86)/atollic/truestudio for stm32 9.3.0/armtools/bin/../lib/gcc/arm-atollic-eabi/6.3.1/../../../../arm-atollic-eabi/lib/armv7-m\libc.a(lib_a-localeconv.o)
 .ARM.attributes
                0x00000536       0x2d c:/program files (x86)/atollic/truestudio for stm32 9.3.0/armtools/bin/../lib/gcc/arm-atollic-eabi/6.3.1/../../../../arm-atollic-eabi/lib/armv7-m\libc.a(lib_a-malloc.o)
 .ARM.attributes
                0x00000563       0x2d c:/program files (x86)/atollic/truestudio for stm32 9.3.0/armtools/bin/../lib/gcc/arm-atollic-eabi/6.3.1/../../../../arm-atollic-eabi/lib/armv7-m\libc.a(lib_a-mallocr.o)
 .ARM.attributes
                0x00000590       0x2d c:/program files (x86)/atollic/truestudio for stm32 9.3.0/armtools/bin/../lib/gcc/arm-atollic-eabi/6.3.1/../../../../arm-atollic-eabi/lib/armv7-m\libc.a(lib_a-memchr-stub.o)
 .ARM.attributes
                0x000005bd       0x2d c:/program files (x86)/atollic/truestudio for stm32 9.3.0/armtools/bin/../lib/gcc/arm-atollic-eabi/6.3.1/../../../../arm-atollic-eabi/lib/armv7-m\libc.a(lib_a-memcpy-stub.o)
 .ARM.attributes
                0x000005ea       0x2d c:/program files (x86)/atollic/truestudio for stm32 9.3.0/armtools/bin/../lib/gcc/arm-atollic-eabi/6.3.1/../../../../arm-atollic-eabi/lib/armv7-m\libc.a(lib_a-mlock.o)
 .ARM.attributes
                0x00000617       0x2d c:/program files (x86)/atollic/truestudio for stm32 9.3.0/armtools/bin/../lib/gcc/arm-atollic-eabi/6.3.1/../../../../arm-atollic-eabi/lib/armv7-m\libc.a(lib_a-mprec.o)
 .ARM.attributes
                0x00000644       0x2d c:/program files (x86)/atollic/truestudio for stm32 9.3.0/armtools/bin/../lib/gcc/arm-atollic-eabi/6.3.1/../../../../arm-atollic-eabi/lib/armv7-m\libc.a(lib_a-sbrkr.o)
 .ARM.attributes
                0x00000671       0x17 c:/program files (x86)/atollic/truestudio for stm32 9.3.0/armtools/bin/../lib/gcc/arm-atollic-eabi/6.3.1/../../../../arm-atollic-eabi/lib/armv7-m\libc.a(lib_a-strlen.o)
 .ARM.attributes
                0x00000688       0x2d c:/program files (x86)/atollic/truestudio for stm32 9.3.0/armtools/bin/../lib/gcc/arm-atollic-eabi/6.3.1/../../../../arm-atollic-eabi/lib/armv7-m\libc.a(lib_a-svfiprintf.o)
 .ARM.attributes
                0x000006b5       0x2d c:/program files (x86)/atollic/truestudio for stm32 9.3.0/armtools/bin/../lib/gcc/arm-atollic-eabi/6.3.1/../../../../arm-atollic-eabi/lib/armv7-m\libc.a(lib_a-callocr.o)
 .ARM.attributes
                0x000006e2       0x2d c:/program files (x86)/atollic/truestudio for stm32 9.3.0/armtools/bin/../lib/gcc/arm-atollic-eabi/6.3.1/../../../../arm-atollic-eabi/lib/armv7-m\libc.a(lib_a-freer.o)
 .ARM.attributes
                0x0000070f       0x2d c:/program files (x86)/atollic/truestudio for stm32 9.3.0/armtools/bin/../lib/gcc/arm-atollic-eabi/6.3.1/../../../../arm-atollic-eabi/lib/armv7-m\libc.a(lib_a-locale.o)
 .ARM.attributes
                0x0000073c       0x2d c:/program files (x86)/atollic/truestudio for stm32 9.3.0/armtools/bin/../lib/gcc/arm-atollic-eabi/6.3.1/../../../../arm-atollic-eabi/lib/armv7-m\libc.a(lib_a-lock.o)
 .ARM.attributes
                0x00000769       0x2d c:/program files (x86)/atollic/truestudio for stm32 9.3.0/armtools/bin/../lib/gcc/arm-atollic-eabi/6.3.1/../../../../arm-atollic-eabi/lib/armv7-m\libc.a(lib_a-mbtowc_r.o)
 .ARM.attributes
                0x00000796       0x2d c:/program files (x86)/atollic/truestudio for stm32 9.3.0/armtools/bin/../lib/gcc/arm-atollic-eabi/6.3.1/../../../../arm-atollic-eabi/lib/armv7-m\libc.a(lib_a-memmove.o)
 .ARM.attributes
                0x000007c3       0x2d c:/program files (x86)/atollic/truestudio for stm32 9.3.0/armtools/bin/../lib/gcc/arm-atollic-eabi/6.3.1/../../../../arm-atollic-eabi/lib/armv7-m\libc.a(lib_a-reallocr.o)
 .ARM.attributes
                0x000007f0       0x2d c:/program files (x86)/atollic/truestudio for stm32 9.3.0/armtools/bin/../lib/gcc/arm-atollic-eabi/6.3.1/../../../../arm-atollic-eabi/lib/armv7-m\libc.a(lib_a-reent.o)
 .ARM.attributes
                0x0000081d       0x2d c:/program files (x86)/atollic/truestudio for stm32 9.3.0/armtools/bin/../lib/gcc/arm-atollic-eabi/6.3.1/../../../../arm-atollic-eabi/lib/armv7-m\libc.a(lib_a-wctomb_r.o)
 .ARM.attributes
                0x0000084a       0x2d c:/program files (x86)/atollic/truestudio for stm32 9.3.0/armtools/bin/../lib/gcc/arm-atollic-eabi/6.3.1/../../../../arm-atollic-eabi/lib/armv7-m\libc.a(lib_a-ctype_.o)
 .ARM.attributes
                0x00000877       0x1d c:/program files (x86)/atollic/truestudio for stm32 9.3.0/armtools/bin/../lib/gcc/arm-atollic-eabi/6.3.1/armv7-m\libgcc.a(_arm_addsubdf3.o)
 .ARM.attributes
                0x00000894       0x1d c:/program files (x86)/atollic/truestudio for stm32 9.3.0/armtools/bin/../lib/gcc/arm-atollic-eabi/6.3.1/armv7-m\libgcc.a(_arm_muldivdf3.o)
 .ARM.attributes
                0x000008b1       0x1d c:/program files (x86)/atollic/truestudio for stm32 9.3.0/armtools/bin/../lib/gcc/arm-atollic-eabi/6.3.1/armv7-m\libgcc.a(_arm_cmpdf2.o)
 .ARM.attributes
                0x000008ce       0x1d c:/program files (x86)/atollic/truestudio for stm32 9.3.0/armtools/bin/../lib/gcc/arm-atollic-eabi/6.3.1/armv7-m\libgcc.a(_arm_unorddf2.o)
 .ARM.attributes
                0x000008eb       0x1d c:/program files (x86)/atollic/truestudio for stm32 9.3.0/armtools/bin/../lib/gcc/arm-atollic-eabi/6.3.1/armv7-m\libgcc.a(_arm_fixdfsi.o)
 .ARM.attributes
                0x00000908       0x1d c:/program files (x86)/atollic/truestudio for stm32 9.3.0/armtools/bin/../lib/gcc/arm-atollic-eabi/6.3.1/armv7-m\libgcc.a(_arm_fixunsdfsi.o)
 .ARM.attributes
                0x00000925       0x1d c:/program files (x86)/atollic/truestudio for stm32 9.3.0/armtools/bin/../lib/gcc/arm-atollic-eabi/6.3.1/armv7-m\libgcc.a(_arm_addsubsf3.o)
 .ARM.attributes
                0x00000942       0x1d c:/program files (x86)/atollic/truestudio for stm32 9.3.0/armtools/bin/../lib/gcc/arm-atollic-eabi/6.3.1/armv7-m\libgcc.a(_arm_muldivsf3.o)
 .ARM.attributes
                0x0000095f       0x1d c:/program files (x86)/atollic/truestudio for stm32 9.3.0/armtools/bin/../lib/gcc/arm-atollic-eabi/6.3.1/armv7-m\libgcc.a(_aeabi_uldivmod.o)
 .ARM.attributes
                0x0000097c       0x2d c:/program files (x86)/atollic/truestudio for stm32 9.3.0/armtools/bin/../lib/gcc/arm-atollic-eabi/6.3.1/armv7-m\libgcc.a(_udivmoddi4.o)
 .ARM.attributes
                0x000009a9       0x1d c:/program files (x86)/atollic/truestudio for stm32 9.3.0/armtools/bin/../lib/gcc/arm-atollic-eabi/6.3.1/armv7-m\libgcc.a(_dvmd_tls.o)
 .ARM.attributes
                0x000009c6       0x1d c:/program files (x86)/atollic/truestudio for stm32 9.3.0/armtools/bin/../lib/gcc/arm-atollic-eabi/6.3.1/armv7-m/crtn.o
OUTPUT(stm32_f103_solder_station.elf elf32-littlearm)

.debug_info     0x00000000     0xed08
 .debug_info    0x00000000      0xb58 Core\Src\PID_lib.o
 .debug_info    0x00000b58      0x779 Core\Src\i2c-lcd.o
 .debug_info    0x000012d1     0x1a39 Core\Src\main.o
 .debug_info    0x00002d0a      0xf40 Core\Src\stm32f1xx_hal_msp.o
 .debug_info    0x00003c4a      0x20c Core\Src\stm32f1xx_it.o
 .debug_info    0x00003e56      0xf2f Core\Src\syscalls.o
 .debug_info    0x00004d85      0x29b Core\Src\system_stm32f1xx.o
 .debug_info    0x00005020      0x714 Drivers\STM32F1xx_HAL_Driver\Src\stm32f1xx_hal.o
 .debug_info    0x00005734      0xc69 Drivers\STM32F1xx_HAL_Driver\Src\stm32f1xx_hal_adc.o
 .debug_info    0x0000639d      0xa03 Drivers\STM32F1xx_HAL_Driver\Src\stm32f1xx_hal_adc_ex.o
 .debug_info    0x00006da0      0xb52 Drivers\STM32F1xx_HAL_Driver\Src\stm32f1xx_hal_cortex.o
 .debug_info    0x000078f2      0x69b Drivers\STM32F1xx_HAL_Driver\Src\stm32f1xx_hal_gpio.o
 .debug_info    0x00007f8d     0x2551 Drivers\STM32F1xx_HAL_Driver\Src\stm32f1xx_hal_i2c.o
 .debug_info    0x0000a4de      0x80e Drivers\STM32F1xx_HAL_Driver\Src\stm32f1xx_hal_rcc.o
 .debug_info    0x0000acec      0x443 Drivers\STM32F1xx_HAL_Driver\Src\stm32f1xx_hal_rcc_ex.o
 .debug_info    0x0000b12f     0x27e8 Drivers\STM32F1xx_HAL_Driver\Src\stm32f1xx_hal_tim.o
 .debug_info    0x0000d917     0x1369 Drivers\STM32F1xx_HAL_Driver\Src\stm32f1xx_hal_tim_ex.o
 .debug_info    0x0000ec80       0x88 startup\startup_stm32f103xb.o

.debug_abbrev   0x00000000     0x213f
 .debug_abbrev  0x00000000      0x20f Core\Src\PID_lib.o
 .debug_abbrev  0x0000020f      0x18b Core\Src\i2c-lcd.o
 .debug_abbrev  0x0000039a      0x2ca Core\Src\main.o
 .debug_abbrev  0x00000664      0x202 Core\Src\stm32f1xx_hal_msp.o
 .debug_abbrev  0x00000866       0xc1 Core\Src\stm32f1xx_it.o
 .debug_abbrev  0x00000927      0x271 Core\Src\syscalls.o
 .debug_abbrev  0x00000b98      0x12f Core\Src\system_stm32f1xx.o
 .debug_abbrev  0x00000cc7      0x1c2 Drivers\STM32F1xx_HAL_Driver\Src\stm32f1xx_hal.o
 .debug_abbrev  0x00000e89      0x1d0 Drivers\STM32F1xx_HAL_Driver\Src\stm32f1xx_hal_adc.o
 .debug_abbrev  0x00001059      0x1f0 Drivers\STM32F1xx_HAL_Driver\Src\stm32f1xx_hal_adc_ex.o
 .debug_abbrev  0x00001249      0x2d0 Drivers\STM32F1xx_HAL_Driver\Src\stm32f1xx_hal_cortex.o
 .debug_abbrev  0x00001519      0x1bb Drivers\STM32F1xx_HAL_Driver\Src\stm32f1xx_hal_gpio.o
 .debug_abbrev  0x000016d4      0x253 Drivers\STM32F1xx_HAL_Driver\Src\stm32f1xx_hal_i2c.o
 .debug_abbrev  0x00001927      0x23e Drivers\STM32F1xx_HAL_Driver\Src\stm32f1xx_hal_rcc.o
 .debug_abbrev  0x00001b65      0x170 Drivers\STM32F1xx_HAL_Driver\Src\stm32f1xx_hal_rcc_ex.o
 .debug_abbrev  0x00001cd5      0x229 Drivers\STM32F1xx_HAL_Driver\Src\stm32f1xx_hal_tim.o
 .debug_abbrev  0x00001efe      0x22f Drivers\STM32F1xx_HAL_Driver\Src\stm32f1xx_hal_tim_ex.o
 .debug_abbrev  0x0000212d       0x12 startup\startup_stm32f103xb.o

.debug_aranges  0x00000000      0xef0
 .debug_aranges
                0x00000000       0x38 Core\Src\PID_lib.o
 .debug_aranges
                0x00000038       0x48 Core\Src\i2c-lcd.o
 .debug_aranges
                0x00000080       0x78 Core\Src\main.o
 .debug_aranges
                0x000000f8       0x58 Core\Src\stm32f1xx_hal_msp.o
 .debug_aranges
                0x00000150       0x60 Core\Src\stm32f1xx_it.o
 .debug_aranges
                0x000001b0       0xb0 Core\Src\syscalls.o
 .debug_aranges
                0x00000260       0x28 Core\Src\system_stm32f1xx.o
 .debug_aranges
                0x00000288       0xe0 Drivers\STM32F1xx_HAL_Driver\Src\stm32f1xx_hal.o
 .debug_aranges
                0x00000368       0xf0 Drivers\STM32F1xx_HAL_Driver\Src\stm32f1xx_hal_adc.o
 .debug_aranges
                0x00000458       0x80 Drivers\STM32F1xx_HAL_Driver\Src\stm32f1xx_hal_adc_ex.o
 .debug_aranges
                0x000004d8      0x100 Drivers\STM32F1xx_HAL_Driver\Src\stm32f1xx_hal_cortex.o
 .debug_aranges
                0x000005d8       0x58 Drivers\STM32F1xx_HAL_Driver\Src\stm32f1xx_hal_gpio.o
 .debug_aranges
                0x00000630      0x2a0 Drivers\STM32F1xx_HAL_Driver\Src\stm32f1xx_hal_i2c.o
 .debug_aranges
                0x000008d0       0x90 Drivers\STM32F1xx_HAL_Driver\Src\stm32f1xx_hal_rcc.o
 .debug_aranges
                0x00000960       0x30 Drivers\STM32F1xx_HAL_Driver\Src\stm32f1xx_hal_rcc_ex.o
 .debug_aranges
                0x00000990      0x3d0 Drivers\STM32F1xx_HAL_Driver\Src\stm32f1xx_hal_tim.o
 .debug_aranges
                0x00000d60      0x168 Drivers\STM32F1xx_HAL_Driver\Src\stm32f1xx_hal_tim_ex.o
 .debug_aranges
                0x00000ec8       0x28 startup\startup_stm32f103xb.o

.debug_ranges   0x00000000      0xe00
 .debug_ranges  0x00000000       0x28 Core\Src\PID_lib.o
 .debug_ranges  0x00000028       0x38 Core\Src\i2c-lcd.o
 .debug_ranges  0x00000060       0x68 Core\Src\main.o
 .debug_ranges  0x000000c8       0x48 Core\Src\stm32f1xx_hal_msp.o
 .debug_ranges  0x00000110       0x50 Core\Src\stm32f1xx_it.o
 .debug_ranges  0x00000160       0xa0 Core\Src\syscalls.o
 .debug_ranges  0x00000200       0x18 Core\Src\system_stm32f1xx.o
 .debug_ranges  0x00000218       0xd0 Drivers\STM32F1xx_HAL_Driver\Src\stm32f1xx_hal.o
 .debug_ranges  0x000002e8       0xe0 Drivers\STM32F1xx_HAL_Driver\Src\stm32f1xx_hal_adc.o
 .debug_ranges  0x000003c8       0x70 Drivers\STM32F1xx_HAL_Driver\Src\stm32f1xx_hal_adc_ex.o
 .debug_ranges  0x00000438       0xf0 Drivers\STM32F1xx_HAL_Driver\Src\stm32f1xx_hal_cortex.o
 .debug_ranges  0x00000528       0x48 Drivers\STM32F1xx_HAL_Driver\Src\stm32f1xx_hal_gpio.o
 .debug_ranges  0x00000570      0x2b8 Drivers\STM32F1xx_HAL_Driver\Src\stm32f1xx_hal_i2c.o
 .debug_ranges  0x00000828       0x80 Drivers\STM32F1xx_HAL_Driver\Src\stm32f1xx_hal_rcc.o
 .debug_ranges  0x000008a8       0x20 Drivers\STM32F1xx_HAL_Driver\Src\stm32f1xx_hal_rcc_ex.o
 .debug_ranges  0x000008c8      0x3c0 Drivers\STM32F1xx_HAL_Driver\Src\stm32f1xx_hal_tim.o
 .debug_ranges  0x00000c88      0x158 Drivers\STM32F1xx_HAL_Driver\Src\stm32f1xx_hal_tim_ex.o
 .debug_ranges  0x00000de0       0x20 startup\startup_stm32f103xb.o

.debug_line     0x00000000     0x7a2e
 .debug_line    0x00000000      0x2b2 Core\Src\PID_lib.o
 .debug_line    0x000002b2      0x2a3 Core\Src\i2c-lcd.o
 .debug_line    0x00000555      0x4f7 Core\Src\main.o
 .debug_line    0x00000a4c      0x330 Core\Src\stm32f1xx_hal_msp.o
 .debug_line    0x00000d7c      0x26f Core\Src\stm32f1xx_it.o
 .debug_line    0x00000feb      0x3dd Core\Src\syscalls.o
 .debug_line    0x000013c8      0x22b Core\Src\system_stm32f1xx.o
 .debug_line    0x000015f3      0x3e6 Drivers\STM32F1xx_HAL_Driver\Src\stm32f1xx_hal.o
 .debug_line    0x000019d9      0x774 Drivers\STM32F1xx_HAL_Driver\Src\stm32f1xx_hal_adc.o
 .debug_line    0x0000214d      0x5d1 Drivers\STM32F1xx_HAL_Driver\Src\stm32f1xx_hal_adc_ex.o
 .debug_line    0x0000271e      0x4b6 Drivers\STM32F1xx_HAL_Driver\Src\stm32f1xx_hal_cortex.o
 .debug_line    0x00002bd4      0x3fa Drivers\STM32F1xx_HAL_Driver\Src\stm32f1xx_hal_gpio.o
 .debug_line    0x00002fce     0x17d8 Drivers\STM32F1xx_HAL_Driver\Src\stm32f1xx_hal_i2c.o
 .debug_line    0x000047a6      0x4fe Drivers\STM32F1xx_HAL_Driver\Src\stm32f1xx_hal_rcc.o
 .debug_line    0x00004ca4      0x2ed Drivers\STM32F1xx_HAL_Driver\Src\stm32f1xx_hal_rcc_ex.o
 .debug_line    0x00004f91     0x1b7c Drivers\STM32F1xx_HAL_Driver\Src\stm32f1xx_hal_tim.o
 .debug_line    0x00006b0d      0xea4 Drivers\STM32F1xx_HAL_Driver\Src\stm32f1xx_hal_tim_ex.o
 .debug_line    0x000079b1       0x7d startup\startup_stm32f103xb.o

.debug_str      0x00000000     0x470a
 .debug_str     0x00000000      0x6fb Core\Src\PID_lib.o
                                0x7b2 (size before relaxing)
 .debug_str     0x000006fb      0x4b8 Core\Src\i2c-lcd.o
                                0x77a (size before relaxing)
 .debug_str     0x00000bb3      0x804 Core\Src\main.o
                               0x13a6 (size before relaxing)
 .debug_str     0x000013b7       0xf7 Core\Src\stm32f1xx_hal_msp.o
                                0xc62 (size before relaxing)
 .debug_str     0x000014ae       0xab Core\Src\stm32f1xx_it.o
                                0x319 (size before relaxing)
 .debug_str     0x00001559      0x239 Core\Src\syscalls.o
                                0x83d (size before relaxing)
 .debug_str     0x00001792       0x52 Core\Src\system_stm32f1xx.o
                                0x305 (size before relaxing)
 .debug_str     0x000017e4      0x542 Drivers\STM32F1xx_HAL_Driver\Src\stm32f1xx_hal.o
                                0x83d (size before relaxing)
 .debug_str     0x00001d26      0x2f9 Drivers\STM32F1xx_HAL_Driver\Src\stm32f1xx_hal_adc.o
                                0x937 (size before relaxing)
 .debug_str     0x0000201f      0x2b4 Drivers\STM32F1xx_HAL_Driver\Src\stm32f1xx_hal_adc_ex.o
                                0x8e7 (size before relaxing)
 .debug_str     0x000022d3      0x400 Drivers\STM32F1xx_HAL_Driver\Src\stm32f1xx_hal_cortex.o
                                0x99e (size before relaxing)
 .debug_str     0x000026d3      0x145 Drivers\STM32F1xx_HAL_Driver\Src\stm32f1xx_hal_gpio.o
                                0x4ef (size before relaxing)
 .debug_str     0x00002818      0x8a3 Drivers\STM32F1xx_HAL_Driver\Src\stm32f1xx_hal_i2c.o
                               0x1031 (size before relaxing)
 .debug_str     0x000030bb      0x200 Drivers\STM32F1xx_HAL_Driver\Src\stm32f1xx_hal_rcc.o
                                0x6aa (size before relaxing)
 .debug_str     0x000032bb       0xb9 Drivers\STM32F1xx_HAL_Driver\Src\stm32f1xx_hal_rcc_ex.o
                                0x48f (size before relaxing)
 .debug_str     0x00003374      0xdf2 Drivers\STM32F1xx_HAL_Driver\Src\stm32f1xx_hal_tim.o
                               0x16d4 (size before relaxing)
 .debug_str     0x00004166      0x5a4 Drivers\STM32F1xx_HAL_Driver\Src\stm32f1xx_hal_tim_ex.o
                                0xeae (size before relaxing)

.comment        0x00000000       0x7c
 .comment       0x00000000       0x7c Core\Src\PID_lib.o
                                 0x7d (size before relaxing)
 .comment       0x0000007c       0x7d Core\Src\i2c-lcd.o
 .comment       0x0000007c       0x7d Core\Src\main.o
 .comment       0x0000007c       0x7d Core\Src\stm32f1xx_hal_msp.o
 .comment       0x0000007c       0x7d Core\Src\stm32f1xx_it.o
 .comment       0x0000007c       0x7d Core\Src\syscalls.o
 .comment       0x0000007c       0x7d Core\Src\system_stm32f1xx.o
 .comment       0x0000007c       0x7d Drivers\STM32F1xx_HAL_Driver\Src\stm32f1xx_hal.o
 .comment       0x0000007c       0x7d Drivers\STM32F1xx_HAL_Driver\Src\stm32f1xx_hal_adc.o
 .comment       0x0000007c       0x7d Drivers\STM32F1xx_HAL_Driver\Src\stm32f1xx_hal_adc_ex.o
 .comment       0x0000007c       0x7d Drivers\STM32F1xx_HAL_Driver\Src\stm32f1xx_hal_cortex.o
 .comment       0x0000007c       0x7d Drivers\STM32F1xx_HAL_Driver\Src\stm32f1xx_hal_gpio.o
 .comment       0x0000007c       0x7d Drivers\STM32F1xx_HAL_Driver\Src\stm32f1xx_hal_i2c.o
 .comment       0x0000007c       0x7d Drivers\STM32F1xx_HAL_Driver\Src\stm32f1xx_hal_rcc.o
 .comment       0x0000007c       0x7d Drivers\STM32F1xx_HAL_Driver\Src\stm32f1xx_hal_rcc_ex.o
 .comment       0x0000007c       0x7d Drivers\STM32F1xx_HAL_Driver\Src\stm32f1xx_hal_tim.o
 .comment       0x0000007c       0x7d Drivers\STM32F1xx_HAL_Driver\Src\stm32f1xx_hal_tim_ex.o

.debug_frame    0x00000000     0x49ec
 .debug_frame   0x00000000       0xac Core\Src\PID_lib.o
 .debug_frame   0x000000ac       0xdc Core\Src\i2c-lcd.o
 .debug_frame   0x00000188      0x1bc Core\Src\main.o
 .debug_frame   0x00000344      0x13c Core\Src\stm32f1xx_hal_msp.o
 .debug_frame   0x00000480      0x104 Core\Src\stm32f1xx_it.o
 .debug_frame   0x00000584      0x2d4 Core\Src\syscalls.o
 .debug_frame   0x00000858       0x58 Core\Src\system_stm32f1xx.o
 .debug_frame   0x000008b0      0x334 Drivers\STM32F1xx_HAL_Driver\Src\stm32f1xx_hal.o
 .debug_frame   0x00000be4      0x410 Drivers\STM32F1xx_HAL_Driver\Src\stm32f1xx_hal_adc.o
 .debug_frame   0x00000ff4      0x208 Drivers\STM32F1xx_HAL_Driver\Src\stm32f1xx_hal_adc_ex.o
 .debug_frame   0x000011fc      0x428 Drivers\STM32F1xx_HAL_Driver\Src\stm32f1xx_hal_cortex.o
 .debug_frame   0x00001624      0x14c Drivers\STM32F1xx_HAL_Driver\Src\stm32f1xx_hal_gpio.o
 .debug_frame   0x00001770      0xc54 Drivers\STM32F1xx_HAL_Driver\Src\stm32f1xx_hal_i2c.o
 .debug_frame   0x000023c4      0x21c Drivers\STM32F1xx_HAL_Driver\Src\stm32f1xx_hal_rcc.o
 .debug_frame   0x000025e0       0x84 Drivers\STM32F1xx_HAL_Driver\Src\stm32f1xx_hal_rcc_ex.o
 .debug_frame   0x00002664     0x11b8 Drivers\STM32F1xx_HAL_Driver\Src\stm32f1xx_hal_tim.o
 .debug_frame   0x0000381c      0x638 Drivers\STM32F1xx_HAL_Driver\Src\stm32f1xx_hal_tim_ex.o
 .debug_frame   0x00003e54       0x20 c:/program files (x86)/atollic/truestudio for stm32 9.3.0/armtools/bin/../lib/gcc/arm-atollic-eabi/6.3.1/../../../../arm-atollic-eabi/lib/armv7-m\libc.a(lib_a-errno.o)
 .debug_frame   0x00003e74       0x2c c:/program files (x86)/atollic/truestudio for stm32 9.3.0/armtools/bin/../lib/gcc/arm-atollic-eabi/6.3.1/../../../../arm-atollic-eabi/lib/armv7-m\libc.a(lib_a-init.o)
 .debug_frame   0x00003ea0       0x20 c:/program files (x86)/atollic/truestudio for stm32 9.3.0/armtools/bin/../lib/gcc/arm-atollic-eabi/6.3.1/../../../../arm-atollic-eabi/lib/armv7-m\libc.a(lib_a-memset.o)
 .debug_frame   0x00003ec0       0x70 c:/program files (x86)/atollic/truestudio for stm32 9.3.0/armtools/bin/../lib/gcc/arm-atollic-eabi/6.3.1/../../../../arm-atollic-eabi/lib/armv7-m\libc.a(lib_a-sprintf.o)
 .debug_frame   0x00003f30       0x40 c:/program files (x86)/atollic/truestudio for stm32 9.3.0/armtools/bin/../lib/gcc/arm-atollic-eabi/6.3.1/../../../../arm-atollic-eabi/lib/armv7-m\libc.a(lib_a-svfprintf.o)
 .debug_frame   0x00003f70       0x6c c:/program files (x86)/atollic/truestudio for stm32 9.3.0/armtools/bin/../lib/gcc/arm-atollic-eabi/6.3.1/../../../../arm-atollic-eabi/lib/armv7-m\libc.a(lib_a-dtoa.o)
 .debug_frame   0x00003fdc       0x40 c:/program files (x86)/atollic/truestudio for stm32 9.3.0/armtools/bin/../lib/gcc/arm-atollic-eabi/6.3.1/../../../../arm-atollic-eabi/lib/armv7-m\libc.a(lib_a-localeconv.o)
 .debug_frame   0x0000401c       0x30 c:/program files (x86)/atollic/truestudio for stm32 9.3.0/armtools/bin/../lib/gcc/arm-atollic-eabi/6.3.1/../../../../arm-atollic-eabi/lib/armv7-m\libc.a(lib_a-malloc.o)
 .debug_frame   0x0000404c       0x40 c:/program files (x86)/atollic/truestudio for stm32 9.3.0/armtools/bin/../lib/gcc/arm-atollic-eabi/6.3.1/../../../../arm-atollic-eabi/lib/armv7-m\libc.a(lib_a-mallocr.o)
 .debug_frame   0x0000408c       0x28 c:/program files (x86)/atollic/truestudio for stm32 9.3.0/armtools/bin/../lib/gcc/arm-atollic-eabi/6.3.1/../../../../arm-atollic-eabi/lib/armv7-m\libc.a(lib_a-memchr-stub.o)
 .debug_frame   0x000040b4       0x28 c:/program files (x86)/atollic/truestudio for stm32 9.3.0/armtools/bin/../lib/gcc/arm-atollic-eabi/6.3.1/../../../../arm-atollic-eabi/lib/armv7-m\libc.a(lib_a-memcpy-stub.o)
 .debug_frame   0x000040dc       0x30 c:/program files (x86)/atollic/truestudio for stm32 9.3.0/armtools/bin/../lib/gcc/arm-atollic-eabi/6.3.1/../../../../arm-atollic-eabi/lib/armv7-m\libc.a(lib_a-mlock.o)
 .debug_frame   0x0000410c      0x244 c:/program files (x86)/atollic/truestudio for stm32 9.3.0/armtools/bin/../lib/gcc/arm-atollic-eabi/6.3.1/../../../../arm-atollic-eabi/lib/armv7-m\libc.a(lib_a-mprec.o)
 .debug_frame   0x00004350       0x2c c:/program files (x86)/atollic/truestudio for stm32 9.3.0/armtools/bin/../lib/gcc/arm-atollic-eabi/6.3.1/../../../../arm-atollic-eabi/lib/armv7-m\libc.a(lib_a-sbrkr.o)
 .debug_frame   0x0000437c       0x6c c:/program files (x86)/atollic/truestudio for stm32 9.3.0/armtools/bin/../lib/gcc/arm-atollic-eabi/6.3.1/../../../../arm-atollic-eabi/lib/armv7-m\libc.a(lib_a-svfiprintf.o)
 .debug_frame   0x000043e8       0x28 c:/program files (x86)/atollic/truestudio for stm32 9.3.0/armtools/bin/../lib/gcc/arm-atollic-eabi/6.3.1/../../../../arm-atollic-eabi/lib/armv7-m\libc.a(lib_a-callocr.o)
 .debug_frame   0x00004410       0x60 c:/program files (x86)/atollic/truestudio for stm32 9.3.0/armtools/bin/../lib/gcc/arm-atollic-eabi/6.3.1/../../../../arm-atollic-eabi/lib/armv7-m\libc.a(lib_a-freer.o)
 .debug_frame   0x00004470       0x68 c:/program files (x86)/atollic/truestudio for stm32 9.3.0/armtools/bin/../lib/gcc/arm-atollic-eabi/6.3.1/../../../../arm-atollic-eabi/lib/armv7-m\libc.a(lib_a-locale.o)
 .debug_frame   0x000044d8       0xb0 c:/program files (x86)/atollic/truestudio for stm32 9.3.0/armtools/bin/../lib/gcc/arm-atollic-eabi/6.3.1/../../../../arm-atollic-eabi/lib/armv7-m\libc.a(lib_a-lock.o)
 .debug_frame   0x00004588       0x48 c:/program files (x86)/atollic/truestudio for stm32 9.3.0/armtools/bin/../lib/gcc/arm-atollic-eabi/6.3.1/../../../../arm-atollic-eabi/lib/armv7-m\libc.a(lib_a-mbtowc_r.o)
 .debug_frame   0x000045d0       0x28 c:/program files (x86)/atollic/truestudio for stm32 9.3.0/armtools/bin/../lib/gcc/arm-atollic-eabi/6.3.1/../../../../arm-atollic-eabi/lib/armv7-m\libc.a(lib_a-memmove.o)
 .debug_frame   0x000045f8       0x50 c:/program files (x86)/atollic/truestudio for stm32 9.3.0/armtools/bin/../lib/gcc/arm-atollic-eabi/6.3.1/../../../../arm-atollic-eabi/lib/armv7-m\libc.a(lib_a-reallocr.o)
 .debug_frame   0x00004648       0x5c c:/program files (x86)/atollic/truestudio for stm32 9.3.0/armtools/bin/../lib/gcc/arm-atollic-eabi/6.3.1/../../../../arm-atollic-eabi/lib/armv7-m\libc.a(lib_a-reent.o)
 .debug_frame   0x000046a4       0x3c c:/program files (x86)/atollic/truestudio for stm32 9.3.0/armtools/bin/../lib/gcc/arm-atollic-eabi/6.3.1/../../../../arm-atollic-eabi/lib/armv7-m\libc.a(lib_a-wctomb_r.o)
 .debug_frame   0x000046e0       0xac c:/program files (x86)/atollic/truestudio for stm32 9.3.0/armtools/bin/../lib/gcc/arm-atollic-eabi/6.3.1/armv7-m\libgcc.a(_arm_addsubdf3.o)
 .debug_frame   0x0000478c       0x50 c:/program files (x86)/atollic/truestudio for stm32 9.3.0/armtools/bin/../lib/gcc/arm-atollic-eabi/6.3.1/armv7-m\libgcc.a(_arm_muldivdf3.o)
 .debug_frame   0x000047dc       0xc4 c:/program files (x86)/atollic/truestudio for stm32 9.3.0/armtools/bin/../lib/gcc/arm-atollic-eabi/6.3.1/armv7-m\libgcc.a(_arm_cmpdf2.o)
 .debug_frame   0x000048a0       0x20 c:/program files (x86)/atollic/truestudio for stm32 9.3.0/armtools/bin/../lib/gcc/arm-atollic-eabi/6.3.1/armv7-m\libgcc.a(_arm_unorddf2.o)
 .debug_frame   0x000048c0       0x24 c:/program files (x86)/atollic/truestudio for stm32 9.3.0/armtools/bin/../lib/gcc/arm-atollic-eabi/6.3.1/armv7-m\libgcc.a(_arm_fixdfsi.o)
 .debug_frame   0x000048e4       0x24 c:/program files (x86)/atollic/truestudio for stm32 9.3.0/armtools/bin/../lib/gcc/arm-atollic-eabi/6.3.1/armv7-m\libgcc.a(_arm_fixunsdfsi.o)
 .debug_frame   0x00004908       0x4c c:/program files (x86)/atollic/truestudio for stm32 9.3.0/armtools/bin/../lib/gcc/arm-atollic-eabi/6.3.1/armv7-m\libgcc.a(_arm_addsubsf3.o)
 .debug_frame   0x00004954       0x38 c:/program files (x86)/atollic/truestudio for stm32 9.3.0/armtools/bin/../lib/gcc/arm-atollic-eabi/6.3.1/armv7-m\libgcc.a(_arm_muldivsf3.o)
 .debug_frame   0x0000498c       0x2c c:/program files (x86)/atollic/truestudio for stm32 9.3.0/armtools/bin/../lib/gcc/arm-atollic-eabi/6.3.1/armv7-m\libgcc.a(_aeabi_uldivmod.o)
 .debug_frame   0x000049b8       0x34 c:/program files (x86)/atollic/truestudio for stm32 9.3.0/armtools/bin/../lib/gcc/arm-atollic-eabi/6.3.1/armv7-m\libgcc.a(_udivmoddi4.o)
